<html>
<body>
<pre>
<h1>µVision Build Log</h1>
<h2>Tool Versions:</h2>
IDE-Version: µVision V5.36.0.0
Copyright (C) 2021 ARM Ltd and ARM Germany GmbH. All rights reserved.
License Information: ugur kircil, uuu, LIC=----
 
Tool Versions:
Toolchain:       MDK-Lite  Version: 5.36.0.0
Toolchain Path:  C:\Keil_v5\ARM\ARMCC\Bin
C Compiler:      Armcc.exe V5.06 update 7 (build 960)
Assembler:       Armasm.exe V5.06 update 7 (build 960)
Linker/Locator:  ArmLink.exe V5.06 update 7 (build 960)
Library Manager: ArmAr.exe V5.06 update 7 (build 960)
Hex Converter:   FromElf.exe V5.06 update 7 (build 960)
CPU DLL:         SARMCM3.DLL V5.36.0.0
Dialog DLL:      DCM.DLL V1.17.3.0
Target DLL:      STLink\ST-LINKIII-KEIL_SWO.dll V3.0.9.0
Dialog DLL:      TCM.DLL V1.53.0.0
 
<h2>Project:</h2>
C:\Users\ugurk\Desktop\AUTetris\SW\AUTETRIS\MDK-ARM\AUTETRIS.uvprojx
Project File Date:  01/08/2022

<h2>Output:</h2>
*** Using Compiler 'V5.06 update 7 (build 960)', folder: 'C:\Keil_v5\ARM\ARMCC\Bin'
Build target 'AUTETRIS'
compiling fonksiyonlar.c...
../Core/Inc/fonksiyonlar.h(18): warning:  #1295-D: Deprecated declaration butonbul - give arg types
  uint8_t butonbul();
../Core/Inc/fonksiyonlar.h(22): warning:  #1295-D: Deprecated declaration baslangicekrani - give arg types
  uint8_t baslangicekrani();
..\Core\Src\fonksiyonlar.c(72): warning:  #177-D: variable "m"  was declared but never referenced
  		uint8_t m=18;
..\Core\Src\fonksiyonlar.c(74): warning:  #177-D: variable "s"  was declared but never referenced
  		uint8_t s=0;
..\Core\Src\fonksiyonlar.c(177): warning:  #177-D: variable "m"  was declared but never referenced
  		uint8_t m=18;
..\Core\Src\fonksiyonlar.c(282): warning:  #177-D: variable "m"  was declared but never referenced
  		uint8_t m=18;
..\Core\Src\fonksiyonlar.c(377): warning:  #223-D: function "sprintf" declared implicitly
  			sprintf(baslyazi , "ZORLUK : KOLAY");
..\Core\Src\fonksiyonlar.c(387): warning:  #127-D: expected a statement
  }
..\Core\Src\fonksiyonlar.c(395): warning:  #1-D: last line of file ends without a newline
  }
..\Core\Src\fonksiyonlar.c: 9 warnings, 0 errors
compiling main.c...
../Core/Inc/testimg.h(129): warning:  #1-D: last line of file ends without a newline
../Core/Inc/fonksiyonlar.h(18): warning:  #1295-D: Deprecated declaration butonbul - give arg types
  uint8_t butonbul();
../Core/Inc/fonksiyonlar.h(22): warning:  #1295-D: Deprecated declaration baslangicekrani - give arg types
  uint8_t baslangicekrani();
../Core/Src/main.c(177): warning:  #127-D: expected a statement
   }
../Core/Src/main.c(135): warning:  #177-D: variable "i"  was declared but never referenced
  uint8_t  i=0;
../Core/Src/main.c(149): warning:  #177-D: variable "gDate"  was declared but never referenced
  			RTC_DateTypeDef gDate; 
../Core/Src/main.c(150): warning:  #177-D: variable "gTime"  was declared but never referenced
   RTC_TimeTypeDef gTime; 
../Core/Src/main.c: 7 warnings, 0 errors
linking...
Program Size: Code=11216 RO-data=13940 RW-data=68 ZI-data=2236  
FromELF: creating hex file...
"AUTETRIS\AUTETRIS.axf" - 0 Error(s), 16 Warning(s).

<h2>Software Packages used:</h2>

Package Vendor: ARM
                http://www.keil.com/pack/ARM.CMSIS.5.8.0.pack
                ARM.CMSIS.5.8.0
                CMSIS (Common Microcontroller Software Interface Standard)
   * Component: CORE Version: 5.5.0

Package Vendor: Keil
                http://www.keil.com/pack/Keil.STM32F1xx_DFP.2.4.0.pack
                Keil.STM32F1xx_DFP.2.4.0
                STMicroelectronics STM32F1 Series Device Support, Drivers and Examples

<h2>Collection of Component include folders:</h2>
  .\RTE\_AUTETRIS
  C:\Users\ugurk\AppData\Local\Arm\Packs\ARM\CMSIS\5.8.0\CMSIS\Core\Include
  C:\Users\ugurk\AppData\Local\Arm\Packs\Keil\STM32F1xx_DFP\2.4.0\Device\Include

<h2>Collection of Component Files used:</h2>

   * Component: ARM::CMSIS:CORE:5.5.0
      Include file:  CMSIS\Core\Include\tz_context.h
Build Time Elapsed:  00:00:02
</pre>
</body>
</html>
