Component: ARM Compiler 5.06 update 7 (build 960) Tool: armlink [4d3601]

==============================================================================

Section Cross References

    startup_stm32f103xb.o(STACK) refers (Special) to heapauxi.o(.text) for __use_two_region_memory
    startup_stm32f103xb.o(HEAP) refers (Special) to heapauxi.o(.text) for __use_two_region_memory
    startup_stm32f103xb.o(RESET) refers (Special) to heapauxi.o(.text) for __use_two_region_memory
    startup_stm32f103xb.o(RESET) refers to startup_stm32f103xb.o(STACK) for __initial_sp
    startup_stm32f103xb.o(RESET) refers to startup_stm32f103xb.o(.text) for Reset_Handler
    startup_stm32f103xb.o(RESET) refers to stm32f1xx_it.o(i.NMI_Handler) for NMI_Handler
    startup_stm32f103xb.o(RESET) refers to stm32f1xx_it.o(i.HardFault_Handler) for HardFault_Handler
    startup_stm32f103xb.o(RESET) refers to stm32f1xx_it.o(i.MemManage_Handler) for MemManage_Handler
    startup_stm32f103xb.o(RESET) refers to stm32f1xx_it.o(i.BusFault_Handler) for BusFault_Handler
    startup_stm32f103xb.o(RESET) refers to stm32f1xx_it.o(i.UsageFault_Handler) for UsageFault_Handler
    startup_stm32f103xb.o(RESET) refers to stm32f1xx_it.o(i.SVC_Handler) for SVC_Handler
    startup_stm32f103xb.o(RESET) refers to stm32f1xx_it.o(i.DebugMon_Handler) for DebugMon_Handler
    startup_stm32f103xb.o(RESET) refers to stm32f1xx_it.o(i.PendSV_Handler) for PendSV_Handler
    startup_stm32f103xb.o(RESET) refers to stm32f1xx_it.o(i.SysTick_Handler) for SysTick_Handler
    startup_stm32f103xb.o(.text) refers (Special) to heapauxi.o(.text) for __use_two_region_memory
    startup_stm32f103xb.o(.text) refers to system_stm32f1xx.o(i.SystemInit) for SystemInit
    startup_stm32f103xb.o(.text) refers to __main.o(!!!main) for __main
    startup_stm32f103xb.o(.text) refers to startup_stm32f103xb.o(HEAP) for Heap_Mem
    startup_stm32f103xb.o(.text) refers to startup_stm32f103xb.o(STACK) for Stack_Mem
    fonksiyonlar.o(i.baslangicekrani) refers to fonksiyonlar.o(i.butonbul) for butonbul
    fonksiyonlar.o(i.baslangicekrani) refers to noretval__2sprintf.o(.text) for __2sprintf
    fonksiyonlar.o(i.baslangicekrani) refers to st7735.o(i.ST7735_DrawString) for ST7735_DrawString
    fonksiyonlar.o(i.baslangicekrani) refers to st7735.o(i.ST7735_FillScreen) for ST7735_FillScreen
    fonksiyonlar.o(i.baslangicekrani) refers to st7735.o(i.ST7735_DrawLine) for ST7735_DrawLine
    fonksiyonlar.o(i.baslangicekrani) refers to fonksiyonlar.o(.data) for .data
    fonksiyonlar.o(i.baslangicekrani) refers to fonksiyonlar.o(.bss) for .bss
    fonksiyonlar.o(i.baslangicekrani) refers to fonts.o(.data) for Font_7x10
    fonksiyonlar.o(i.butonbul) refers to stm32f1xx_hal_gpio.o(i.HAL_GPIO_ReadPin) for HAL_GPIO_ReadPin
    fonksiyonlar.o(i.butonbul) refers to stm32f1xx_hal.o(i.HAL_Delay) for HAL_Delay
    fonksiyonlar.o(i.cubuk) refers to fonksiyonlar.o(i.butonbul) for butonbul
    fonksiyonlar.o(i.cubuk) refers to stm32f1xx_hal.o(i.HAL_Delay) for HAL_Delay
    fonksiyonlar.o(i.cubuk) refers to st7735.o(i.ST7735_FillRectangle) for ST7735_FillRectangle
    fonksiyonlar.o(i.cubuk) refers to fonksiyonlar.o(.data) for .data
    fonksiyonlar.o(i.cubukdik) refers to fonksiyonlar.o(i.butonbul) for butonbul
    fonksiyonlar.o(i.cubukdik) refers to stm32f1xx_hal.o(i.HAL_Delay) for HAL_Delay
    fonksiyonlar.o(i.cubukdik) refers to st7735.o(i.ST7735_FillRectangle) for ST7735_FillRectangle
    fonksiyonlar.o(i.cubukdik) refers to fonksiyonlar.o(.data) for .data
    fonksiyonlar.o(i.kare) refers to fonksiyonlar.o(i.butonbul) for butonbul
    fonksiyonlar.o(i.kare) refers to stm32f1xx_hal.o(i.HAL_Delay) for HAL_Delay
    fonksiyonlar.o(i.kare) refers to st7735.o(i.ST7735_FillRectangle) for ST7735_FillRectangle
    fonksiyonlar.o(i.kare) refers to fonksiyonlar.o(.data) for .data
    fonksiyonlar.o(i.ledDemo) refers to stm32f1xx_hal_gpio.o(i.HAL_GPIO_WritePin) for HAL_GPIO_WritePin
    fonksiyonlar.o(i.ledDemo) refers to stm32f1xx_hal.o(i.HAL_Delay) for HAL_Delay
    fonts.o(.data) refers to fonts.o(.constdata) for Font7x10
    fonts.o(.data) refers to fonts.o(.constdata) for Font11x18
    fonts.o(.data) refers to fonts.o(.constdata) for Font16x26
    st7735.o(i.ST7735_Backlight_Off) refers to stm32f1xx_hal_gpio.o(i.HAL_GPIO_WritePin) for HAL_GPIO_WritePin
    st7735.o(i.ST7735_Backlight_On) refers to stm32f1xx_hal_gpio.o(i.HAL_GPIO_WritePin) for HAL_GPIO_WritePin
    st7735.o(i.ST7735_DrawCircle) refers to st7735.o(i.ST7735_DrawPixel) for ST7735_DrawPixel
    st7735.o(i.ST7735_DrawCircleHelper) refers to st7735.o(i.ST7735_DrawPixel) for ST7735_DrawPixel
    st7735.o(i.ST7735_DrawEllipse) refers to st7735.o(i.ST7735_DrawPixel) for ST7735_DrawPixel
    st7735.o(i.ST7735_DrawFastHLine) refers to st7735.o(i.ST7735_DrawLine) for ST7735_DrawLine
    st7735.o(i.ST7735_DrawFastHLine) refers to st7735.o(.data) for .data
    st7735.o(i.ST7735_DrawFastVLine) refers to st7735.o(i.ST7735_DrawLine) for ST7735_DrawLine
[...]
    ../clib/angel/rt.s                       0x00000000   Number         0  rt_raise.o ABSOLUTE
    ../clib/angel/scatter.s                  0x00000000   Number         0  __scatter.o ABSOLUTE
    ../clib/angel/startup.s                  0x00000000   Number         0  __main.o ABSOLUTE
    ../clib/angel/sys.s                      0x00000000   Number         0  use_no_semi.o ABSOLUTE
    ../clib/angel/sys.s                      0x00000000   Number         0  indicate_semi.o ABSOLUTE
    ../clib/angel/sys.s                      0x00000000   Number         0  libspace.o ABSOLUTE
    ../clib/angel/sys.s                      0x00000000   Number         0  sys_stackheap_outer.o ABSOLUTE
    ../clib/angel/sysapp.c                   0x00000000   Number         0  sys_command.o ABSOLUTE
    ../clib/angel/sysapp.c                   0x00000000   Number         0  sys_exit.o ABSOLUTE
    ../clib/angel/sysapp.c                   0x00000000   Number         0  sys_wrch.o ABSOLUTE
    ../clib/armsys.c                         0x00000000   Number         0  argv_veneer.o ABSOLUTE
    ../clib/armsys.c                         0x00000000   Number         0  argv_veneer.o ABSOLUTE
    ../clib/armsys.c                         0x00000000   Number         0  _get_argv_nomalloc.o ABSOLUTE
    ../clib/armsys.c                         0x00000000   Number         0  no_argv.o ABSOLUTE
    ../clib/heapalloc.c                      0x00000000   Number         0  hrguard.o ABSOLUTE
    ../clib/heapaux.c                        0x00000000   Number         0  heapauxi.o ABSOLUTE
    ../clib/libinit.s                        0x00000000   Number         0  libshutdown.o ABSOLUTE
    ../clib/libinit.s                        0x00000000   Number         0  libinit2.o ABSOLUTE
    ../clib/libinit.s                        0x00000000   Number         0  libinit.o ABSOLUTE
    ../clib/libinit.s                        0x00000000   Number         0  libshutdown2.o ABSOLUTE
    ../clib/longlong.s                       0x00000000   Number         0  llushr.o ABSOLUTE
    ../clib/memcpset.s                       0x00000000   Number         0  rt_memclr_w.o ABSOLUTE
    ../clib/misc.s                           0x00000000   Number         0  printf_stubs.o ABSOLUTE
    ../clib/printf.c                         0x00000000   Number         0  _printf_pad.o ABSOLUTE
    ../clib/printf.c                         0x00000000   Number         0  __printf_nopercent.o ABSOLUTE
    ../clib/printf.c                         0x00000000   Number         0  __printf.o ABSOLUTE
    ../clib/printf.c                         0x00000000   Number         0  noretval__2sprintf.o ABSOLUTE
    ../clib/printf.c                         0x00000000   Number         0  __2sprintf.o ABSOLUTE
    ../clib/printf.c                         0x00000000   Number         0  _sputc.o ABSOLUTE
    ../clib/printf.c                         0x00000000   Number         0  __printf_flags_wp.o ABSOLUTE
    ../clib/printf.c                         0x00000000   Number         0  _printf_char_common.o ABSOLUTE
    ../clib/printf.c                         0x00000000   Number         0  _printf_intcommon.o ABSOLUTE
    ../clib/printf.c                         0x00000000   Number         0  __printf_flags_ss_wp.o ABSOLUTE
    ../clib/printf.c                         0x00000000   Number         0  __printf_ss_wp.o ABSOLUTE
    ../clib/printf.c                         0x00000000   Number         0  __printf_wp.o ABSOLUTE
    ../clib/printf.c                         0x00000000   Number         0  __printf_flags_ss.o ABSOLUTE
    ../clib/printf.c                         0x00000000   Number         0  __printf_ss.o ABSOLUTE
    ../clib/printf.c                         0x00000000   Number         0  __printf_flags.o ABSOLUTE
    ../clib/printf.c                         0x00000000   Number         0  _printf_dec.o ABSOLUTE
    ../clib/printf_percent.s                 0x00000000   Number         0  _printf_d.o ABSOLUTE
    ../clib/printf_percent.s                 0x00000000   Number         0  _printf_percent_end.o ABSOLUTE
    ../clib/printf_percent.s                 0x00000000   Number         0  _printf_percent.o ABSOLUTE
    ../clib/signal.c                         0x00000000   Number         0  defsig_abrt_inner.o ABSOLUTE
    ../clib/signal.c                         0x00000000   Number         0  defsig_fpe_inner.o ABSOLUTE
    ../clib/signal.c                         0x00000000   Number         0  defsig_general.o ABSOLUTE
    ../clib/signal.c                         0x00000000   Number         0  defsig_rtred_inner.o ABSOLUTE
    ../clib/signal.c                         0x00000000   Number         0  __raise.o ABSOLUTE
    ../clib/signal.c                         0x00000000   Number         0  defsig_other.o ABSOLUTE
    ../clib/signal.c                         0x00000000   Number         0  defsig_segv_inner.o ABSOLUTE
    ../clib/signal.c                         0x00000000   Number         0  defsig_stak_inner.o ABSOLUTE
    ../clib/signal.c                         0x00000000   Number         0  defsig_cppl_inner.o ABSOLUTE
    ../clib/signal.c                         0x00000000   Number         0  defsig_rtmem_inner.o ABSOLUTE
    ../clib/signal.c                         0x00000000   Number         0  defsig_exit.o ABSOLUTE
    ../clib/signal.c                         0x00000000   Number         0  defsig_rtmem_formal.o ABSOLUTE
    ../clib/signal.c                         0x00000000   Number         0  defsig_rtmem_outer.o ABSOLUTE
    ../clib/signal.c                         0x00000000   Number         0  defsig_pvfn_inner.o ABSOLUTE
    ../clib/signal.s                         0x00000000   Number         0  defsig.o ABSOLUTE
    ../clib/stdlib.c                         0x00000000   Number         0  exit.o ABSOLUTE
    ../fplib/fpinit.s                        0x00000000   Number         0  fpinit.o ABSOLUTE
    ..\Core\Src\HDQ.c                        0x00000000   Number         0  hdq.o ABSOLUTE
    ..\Core\Src\dwt_stm32_delay.c            0x00000000   Number         0  dwt_stm32_delay.o ABSOLUTE
    ..\Core\Src\fonksiyonlar.c               0x00000000   Number         0  fonksiyonlar.o ABSOLUTE
    ..\Core\Src\fonts.c                      0x00000000   Number         0  fonts.o ABSOLUTE
    ..\Core\Src\main.c                       0x00000000   Number         0  main.o ABSOLUTE
    ..\Core\Src\st7735.c                     0x00000000   Number         0  st7735.o ABSOLUTE
    ..\Core\Src\stm32f1xx_hal_msp.c          0x00000000   Number         0  stm32f1xx_hal_msp.o ABSOLUTE
    ..\Core\Src\stm32f1xx_it.c               0x00000000   Number         0  stm32f1xx_it.o ABSOLUTE
    ..\Core\Src\system_stm32f1xx.c           0x00000000   Number         0  system_stm32f1xx.o ABSOLUTE
    ..\Drivers\STM32F1xx_HAL_Driver\Src\stm32f1xx_hal.c 0x00000000   Number         0  stm32f1xx_hal.o ABSOLUTE
    ..\Drivers\STM32F1xx_HAL_Driver\Src\stm32f1xx_hal_cortex.c 0x00000000   Number         0  stm32f1xx_hal_cortex.o ABSOLUTE
    ..\Drivers\STM32F1xx_HAL_Driver\Src\stm32f1xx_hal_dma.c 0x00000000   Number         0  stm32f1xx_hal_dma.o ABSOLUTE
    ..\Drivers\STM32F1xx_HAL_Driver\Src\stm32f1xx_hal_exti.c 0x00000000   Number         0  stm32f1xx_hal_exti.o ABSOLUTE
    ..\Drivers\STM32F1xx_HAL_Driver\Src\stm32f1xx_hal_flash.c 0x00000000   Number         0  stm32f1xx_hal_flash.o ABSOLUTE
    ..\Drivers\STM32F1xx_HAL_Driver\Src\stm32f1xx_hal_flash_ex.c 0x00000000   Number         0  stm32f1xx_hal_flash_ex.o ABSOLUTE
    ..\Drivers\STM32F1xx_HAL_Driver\Src\stm32f1xx_hal_gpio.c 0x00000000   Number         0  stm32f1xx_hal_gpio.o ABSOLUTE
    ..\Drivers\STM32F1xx_HAL_Driver\Src\stm32f1xx_hal_gpio_ex.c 0x00000000   Number         0  stm32f1xx_hal_gpio_ex.o ABSOLUTE
    ..\Drivers\STM32F1xx_HAL_Driver\Src\stm32f1xx_hal_pwr.c 0x00000000   Number         0  stm32f1xx_hal_pwr.o ABSOLUTE
    ..\Drivers\STM32F1xx_HAL_Driver\Src\stm32f1xx_hal_rcc.c 0x00000000   Number         0  stm32f1xx_hal_rcc.o ABSOLUTE
    ..\Drivers\STM32F1xx_HAL_Driver\Src\stm32f1xx_hal_rcc_ex.c 0x00000000   Number         0  stm32f1xx_hal_rcc_ex.o ABSOLUTE
    ..\Drivers\STM32F1xx_HAL_Driver\Src\stm32f1xx_hal_rtc.c 0x00000000   Number         0  stm32f1xx_hal_rtc.o ABSOLUTE
    ..\Drivers\STM32F1xx_HAL_Driver\Src\stm32f1xx_hal_rtc_ex.c 0x00000000   Number         0  stm32f1xx_hal_rtc_ex.o ABSOLUTE
    ..\Drivers\STM32F1xx_HAL_Driver\Src\stm32f1xx_hal_spi.c 0x00000000   Number         0  stm32f1xx_hal_spi.o ABSOLUTE
    ..\Drivers\STM32F1xx_HAL_Driver\Src\stm32f1xx_hal_tim.c 0x00000000   Number         0  stm32f1xx_hal_tim.o ABSOLUTE
    ..\Drivers\STM32F1xx_HAL_Driver\Src\stm32f1xx_hal_tim_ex.c 0x00000000   Number         0  stm32f1xx_hal_tim_ex.o ABSOLUTE
    ..\FATFS\App\fatfs.c                     0x00000000   Number         0  fatfs.o ABSOLUTE
    ..\FATFS\Target\user_diskio.c            0x00000000   Number         0  user_diskio.o ABSOLUTE
    ..\Middlewares\Third_Party\FatFs\src\diskio.c 0x00000000   Number         0  diskio.o ABSOLUTE
    ..\Middlewares\Third_Party\FatFs\src\ff.c 0x00000000   Number         0  ff.o ABSOLUTE
    ..\Middlewares\Third_Party\FatFs\src\ff_gen_drv.c 0x00000000   Number         0  ff_gen_drv.o ABSOLUTE
    ..\Middlewares\Third_Party\FatFs\src\option\ccsbcs.c 0x00000000   Number         0  ccsbcs.o ABSOLUTE
    ..\Middlewares\Third_Party\FatFs\src\option\syscall.c 0x00000000   Number         0  syscall.o ABSOLUTE
    ..\\Core\\Src\\HDQ.c                     0x00000000   Number         0  hdq.o ABSOLUTE
    ..\\Core\\Src\\dwt_stm32_delay.c         0x00000000   Number         0  dwt_stm32_delay.o ABSOLUTE
    ..\\Core\\Src\\fonksiyonlar.c            0x00000000   Number         0  fonksiyonlar.o ABSOLUTE
    ..\\Core\\Src\\st7735.c                  0x00000000   Number         0  st7735.o ABSOLUTE
    dc.s                                     0x00000000   Number         0  dc.o ABSOLUTE
    startup_stm32f103xb.s                    0x00000000   Number         0  startup_stm32f103xb.o ABSOLUTE
    RESET                                    0x08000000   Section      236  startup_stm32f103xb.o(RESET)
    !!!main                                  0x080000ec   Section        8  __main.o(!!!main)
    !!!scatter                               0x080000f4   Section       52  __scatter.o(!!!scatter)
    !!handler_copy                           0x08000128   Section       26  __scatter_copy.o(!!handler_copy)
    !!handler_zi                             0x08000144   Section       28  __scatter_zi.o(!!handler_zi)
    .ARM.Collect$$_printf_percent$$00000000  0x08000160   Section        0  _printf_percent.o(.ARM.Collect$$_printf_percent$$00000000)
    .ARM.Collect$$_printf_percent$$00000009  0x08000160   Section        6  _printf_d.o(.ARM.Collect$$_printf_percent$$00000009)
    .ARM.Collect$$_printf_percent$$00000017  0x08000166   Section        4  _printf_percent_end.o(.ARM.Collect$$_printf_percent$$00000017)
    .ARM.Collect$$libinit$$00000000          0x0800016a   Section        2  libinit.o(.ARM.Collect$$libinit$$00000000)
    .ARM.Collect$$libinit$$00000002          0x0800016c   Section        0  libinit2.o(.ARM.Collect$$libinit$$00000002)
    .ARM.Collect$$libinit$$00000004          0x0800016c   Section        0  libinit2.o(.ARM.Collect$$libinit$$00000004)
    .ARM.Collect$$libinit$$0000000A          0x0800016c   Section        0  libinit2.o(.ARM.Collect$$libinit$$0000000A)
    .ARM.Collect$$libinit$$0000000C          0x0800016c   Section        0  libinit2.o(.ARM.Collect$$libinit$$0000000C)
    .ARM.Collect$$libinit$$0000000E          0x0800016c   Section        0  libinit2.o(.ARM.Collect$$libinit$$0000000E)
    .ARM.Collect$$libinit$$00000011          0x0800016c   Section        0  libinit2.o(.ARM.Collect$$libinit$$00000011)
    .ARM.Collect$$libinit$$00000013          0x0800016c   Section        0  libinit2.o(.ARM.Collect$$libinit$$00000013)
    .ARM.Collect$$libinit$$00000015          0x0800016c   Section        0  libinit2.o(.ARM.Collect$$libinit$$00000015)
    .ARM.Collect$$libinit$$00000017          0x0800016c   Section        0  libinit2.o(.ARM.Collect$$libinit$$00000017)
    .ARM.Collect$$libinit$$00000019          0x0800016c   Section        0  libinit2.o(.ARM.Collect$$libinit$$00000019)
    .ARM.Collect$$libinit$$0000001B          0x0800016c   Section        0  libinit2.o(.ARM.Collect$$libinit$$0000001B)
    .ARM.Collect$$libinit$$0000001D          0x0800016c   Section        0  libinit2.o(.ARM.Collect$$libinit$$0000001D)
    .ARM.Collect$$libinit$$0000001F          0x0800016c   Section        0  libinit2.o(.ARM.Collect$$libinit$$0000001F)
    .ARM.Collect$$libinit$$00000021          0x0800016c   Section        0  libinit2.o(.ARM.Collect$$libinit$$00000021)
    .ARM.Collect$$libinit$$00000023          0x0800016c   Section        0  libinit2.o(.ARM.Collect$$libinit$$00000023)
    .ARM.Collect$$libinit$$00000025          0x0800016c   Section        0  libinit2.o(.ARM.Collect$$libinit$$00000025)
    .ARM.Collect$$libinit$$0000002C          0x0800016c   Section        0  libinit2.o(.ARM.Collect$$libinit$$0000002C)
    .ARM.Collect$$libinit$$0000002E          0x0800016c   Section        0  libinit2.o(.ARM.Collect$$libinit$$0000002E)
    .ARM.Collect$$libinit$$00000030          0x0800016c   Section        0  libinit2.o(.ARM.Collect$$libinit$$00000030)
    .ARM.Collect$$libinit$$00000032          0x0800016c   Section        0  libinit2.o(.ARM.Collect$$libinit$$00000032)
    .ARM.Collect$$libinit$$00000033          0x0800016c   Section        2  libinit2.o(.ARM.Collect$$libinit$$00000033)
    .ARM.Collect$$libshutdown$$00000000      0x0800016e   Section        2  libshutdown.o(.ARM.Collect$$libshutdown$$00000000)
    .ARM.Collect$$libshutdown$$00000002      0x08000170   Section        0  libshutdown2.o(.ARM.Collect$$libshutdown$$00000002)
    .ARM.Collect$$libshutdown$$00000004      0x08000170   Section        0  libshutdown2.o(.ARM.Collect$$libshutdown$$00000004)
    .ARM.Collect$$libshutdown$$00000006      0x08000170   Section        0  libshutdown2.o(.ARM.Collect$$libshutdown$$00000006)
    .ARM.Collect$$libshutdown$$00000009      0x08000170   Section        0  libshutdown2.o(.ARM.Collect$$libshutdown$$00000009)
    .ARM.Collect$$libshutdown$$0000000C      0x08000170   Section        0  libshutdown2.o(.ARM.Collect$$libshutdown$$0000000C)
    .ARM.Collect$$libshutdown$$0000000E      0x08000170   Section        0  libshutdown2.o(.ARM.Collect$$libshutdown$$0000000E)
    .ARM.Collect$$libshutdown$$00000011      0x08000170   Section        0  libshutdown2.o(.ARM.Collect$$libshutdown$$00000011)
    .ARM.Collect$$libshutdown$$00000012      0x08000170   Section        2  libshutdown2.o(.ARM.Collect$$libshutdown$$00000012)
    .ARM.Collect$$rtentry$$00000000          0x08000172   Section        0  __rtentry.o(.ARM.Collect$$rtentry$$00000000)
    .ARM.Collect$$rtentry$$00000002          0x08000172   Section        0  __rtentry2.o(.ARM.Collect$$rtentry$$00000002)
    .ARM.Collect$$rtentry$$00000004          0x08000172   Section        6  __rtentry4.o(.ARM.Collect$$rtentry$$00000004)
    .ARM.Collect$$rtentry$$00000009          0x08000178   Section        0  __rtentry2.o(.ARM.Collect$$rtentry$$00000009)
    .ARM.Collect$$rtentry$$0000000A          0x08000178   Section        4  __rtentry2.o(.ARM.Collect$$rtentry$$0000000A)
    .ARM.Collect$$rtentry$$0000000C          0x0800017c   Section        0  __rtentry2.o(.ARM.Collect$$rtentry$$0000000C)
    .ARM.Collect$$rtentry$$0000000D          0x0800017c   Section        8  __rtentry2.o(.ARM.Collect$$rtentry$$0000000D)
    .ARM.Collect$$rtexit$$00000000           0x08000184   Section        2  rtexit.o(.ARM.Collect$$rtexit$$00000000)
    .ARM.Collect$$rtexit$$00000002           0x08000186   Section        0  rtexit2.o(.ARM.Collect$$rtexit$$00000002)
    .ARM.Collect$$rtexit$$00000003           0x08000186   Section        4  rtexit2.o(.ARM.Collect$$rtexit$$00000003)
    .ARM.Collect$$rtexit$$00000004           0x0800018a   Section        6  rtexit2.o(.ARM.Collect$$rtexit$$00000004)
    .text                                    0x08000190   Section       64  startup_stm32f103xb.o(.text)
    .text                                    0x080001d0   Section        0  noretval__2sprintf.o(.text)
    .text                                    0x080001f8   Section        0  _printf_pad.o(.text)
    .text                                    0x08000248   Section        0  _printf_dec.o(.text)
    .text                                    0x080002c0   Section        0  __printf_flags_wp.o(.text)
    .text                                    0x080003f8   Section       78  rt_memclr_w.o(.text)
    .text                                    0x08000446   Section        0  heapauxi.o(.text)
    .text                                    0x0800044c   Section        0  _printf_intcommon.o(.text)
    .text                                    0x08000500   Section        0  _printf_char_common.o(.text)
    _printf_input_char                       0x08000501   Thumb Code    10  _printf_char_common.o(.text)
    .text                                    0x08000530   Section        0  _sputc.o(.text)
    .text                                    0x0800053a   Section       74  sys_stackheap_outer.o(.text)
    .text                                    0x08000584   Section        0  exit.o(.text)
    .text                                    0x08000598   Section        8  libspace.o(.text)
    .text                                    0x080005a0   Section        0  sys_exit.o(.text)
    .text                                    0x080005ac   Section        2  use_no_semi.o(.text)
    .text                                    0x080005ae   Section        0  indicate_semi.o(.text)
    i.BusFault_Handler                       0x080005ae   Section        0  stm32f1xx_it.o(i.BusFault_Handler)
    i.Config_GPIO_Input                      0x080005b0   Section        0  hdq.o(i.Config_GPIO_Input)
    i.Config_GPIO_Output                     0x080005d4   Section        0  hdq.o(i.Config_GPIO_Output)
    i.DWT_Delay_Init                         0x080005f8   Section        0  dwt_stm32_delay.o(i.DWT_Delay_Init)
    i.DWT_Delay_us                           0x0800063c   Section        0  hdq.o(i.DWT_Delay_us)
    DWT_Delay_us                             0x0800063d   Thumb Code    34  hdq.o(i.DWT_Delay_us)
    i.DebugMon_Handler                       0x08000668   Section        0  stm32f1xx_it.o(i.DebugMon_Handler)
    i.FATFS_LinkDriver                       0x0800066a   Section        0  ff_gen_drv.o(i.FATFS_LinkDriver)
    i.FATFS_LinkDriverEx                     0x08000670   Section        0  ff_gen_drv.o(i.FATFS_LinkDriverEx)
    i.HAL_Delay                              0x080006b0   Section        0  stm32f1xx_hal.o(i.HAL_Delay)
    i.HAL_GPIO_DeInit                        0x080006d4   Section        0  stm32f1xx_hal_gpio.o(i.HAL_GPIO_DeInit)
    i.HAL_GPIO_Init                          0x080007d0   Section        0  stm32f1xx_hal_gpio.o(i.HAL_GPIO_Init)
    i.HAL_GPIO_ReadPin                       0x080009b0   Section        0  stm32f1xx_hal_gpio.o(i.HAL_GPIO_ReadPin)
    i.HAL_GPIO_WritePin                      0x080009ba   Section        0  stm32f1xx_hal_gpio.o(i.HAL_GPIO_WritePin)
    i.HAL_GetTick                            0x080009c4   Section        0  stm32f1xx_hal.o(i.HAL_GetTick)
    i.HAL_IncTick                            0x080009d0   Section        0  stm32f1xx_hal.o(i.HAL_IncTick)
    i.HAL_Init                               0x080009e0   Section        0  stm32f1xx_hal.o(i.HAL_Init)
    i.HAL_InitTick                           0x08000a04   Section        0  stm32f1xx_hal.o(i.HAL_InitTick)
    i.HAL_MspInit                            0x08000a44   Section        0  stm32f1xx_hal_msp.o(i.HAL_MspInit)
    i.HAL_NVIC_SetPriority                   0x08000a80   Section        0  stm32f1xx_hal_cortex.o(i.HAL_NVIC_SetPriority)
    i.HAL_NVIC_SetPriorityGrouping           0x08000ac0   Section        0  stm32f1xx_hal_cortex.o(i.HAL_NVIC_SetPriorityGrouping)
    i.HAL_PWR_EnableBkUpAccess               0x08000ae4   Section        0  stm32f1xx_hal_pwr.o(i.HAL_PWR_EnableBkUpAccess)
    i.HAL_RCCEx_GetPeriphCLKFreq             0x08000af0   Section        0  stm32f1xx_hal_rcc_ex.o(i.HAL_RCCEx_GetPeriphCLKFreq)
    i.HAL_RCCEx_PeriphCLKConfig              0x08000bb8   Section        0  stm32f1xx_hal_rcc_ex.o(i.HAL_RCCEx_PeriphCLKConfig)
    i.HAL_RCC_ClockConfig                    0x08000ca4   Section        0  stm32f1xx_hal_rcc.o(i.HAL_RCC_ClockConfig)
    i.HAL_RCC_GetHCLKFreq                    0x08000dd0   Section        0  stm32f1xx_hal_rcc.o(i.HAL_RCC_GetHCLKFreq)
    i.HAL_RCC_GetPCLK2Freq                   0x08000ddc   Section        0  stm32f1xx_hal_rcc.o(i.HAL_RCC_GetPCLK2Freq)
    i.HAL_RCC_GetSysClockFreq                0x08000dfc   Section        0  stm32f1xx_hal_rcc.o(i.HAL_RCC_GetSysClockFreq)
    i.HAL_RCC_OscConfig                      0x08000e68   Section        0  stm32f1xx_hal_rcc.o(i.HAL_RCC_OscConfig)
    i.HAL_RTC_GetDate                        0x08001188   Section        0  stm32f1xx_hal_rtc.o(i.HAL_RTC_GetDate)
    i.HAL_RTC_GetTime                        0x080011d6   Section        0  stm32f1xx_hal_rtc.o(i.HAL_RTC_GetTime)
    i.HAL_RTC_Init                           0x080012b0   Section        0  stm32f1xx_hal_rtc.o(i.HAL_RTC_Init)
    i.HAL_RTC_MspInit                        0x08001350   Section        0  stm32f1xx_hal_msp.o(i.HAL_RTC_MspInit)
    i.HAL_RTC_SetDate                        0x08001384   Section        0  stm32f1xx_hal_rtc.o(i.HAL_RTC_SetDate)
    i.HAL_RTC_SetTime                        0x08001448   Section        0  stm32f1xx_hal_rtc.o(i.HAL_RTC_SetTime)
    i.HAL_RTC_WaitForSynchro                 0x080014f4   Section        0  stm32f1xx_hal_rtc.o(i.HAL_RTC_WaitForSynchro)
    i.HAL_SPI_Init                           0x0800152e   Section        0  stm32f1xx_hal_spi.o(i.HAL_SPI_Init)
    i.HAL_SPI_MspInit                        0x080015e0   Section        0  stm32f1xx_hal_msp.o(i.HAL_SPI_MspInit)
    i.HAL_SPI_Transmit                       0x08001690   Section        0  stm32f1xx_hal_spi.o(i.HAL_SPI_Transmit)
    i.HAL_SYSTICK_Config                     0x080017f6   Section        0  stm32f1xx_hal_cortex.o(i.HAL_SYSTICK_Config)
    i.HAL_TIMEx_MasterConfigSynchronization  0x08001820   Section        0  stm32f1xx_hal_tim_ex.o(i.HAL_TIMEx_MasterConfigSynchronization)
    i.HAL_TIM_Base_Init                      0x08001888   Section        0  stm32f1xx_hal_tim.o(i.HAL_TIM_Base_Init)
    i.HAL_TIM_Base_MspInit                   0x080018e4   Section        0  stm32f1xx_hal_msp.o(i.HAL_TIM_Base_MspInit)
    i.HAL_TIM_ConfigClockSource              0x0800190c   Section        0  stm32f1xx_hal_tim.o(i.HAL_TIM_ConfigClockSource)
    i.HDQ_doBreak                            0x080019e4   Section        0  hdq.o(i.HDQ_doBreak)
    i.HDQ_read                               0x08001a18   Section        0  hdq.o(i.HDQ_read)
    i.HDQ_writeByte                          0x08001a88   Section        0  hdq.o(i.HDQ_writeByte)
    i.HardFault_Handler                      0x08001af4   Section        0  stm32f1xx_it.o(i.HardFault_Handler)
    i.MX_FATFS_Init                          0x08001af8   Section        0  fatfs.o(i.MX_FATFS_Init)
    i.MX_GPIO_Init                           0x08001b14   Section        0  main.o(i.MX_GPIO_Init)
    MX_GPIO_Init                             0x08001b15   Thumb Code   198  main.o(i.MX_GPIO_Init)
    i.MX_RTC_Init                            0x08001be8   Section        0  main.o(i.MX_RTC_Init)
    MX_RTC_Init                              0x08001be9   Thumb Code   106  main.o(i.MX_RTC_Init)
    i.MX_SPI1_Init                           0x08001c5c   Section        0  main.o(i.MX_SPI1_Init)
    MX_SPI1_Init                             0x08001c5d   Thumb Code    58  main.o(i.MX_SPI1_Init)
    i.MX_SPI2_Init                           0x08001ca0   Section        0  main.o(i.MX_SPI2_Init)
    MX_SPI2_Init                             0x08001ca1   Thumb Code    58  main.o(i.MX_SPI2_Init)
    i.MX_TIM1_Init                           0x08001ce4   Section        0  main.o(i.MX_TIM1_Init)
    MX_TIM1_Init                             0x08001ce5   Thumb Code    96  main.o(i.MX_TIM1_Init)
    i.MemManage_Handler                      0x08001d4c   Section        0  stm32f1xx_it.o(i.MemManage_Handler)
    i.NMI_Handler                            0x08001d4e   Section        0  stm32f1xx_it.o(i.NMI_Handler)
    i.PendSV_Handler                         0x08001d50   Section        0  stm32f1xx_it.o(i.PendSV_Handler)
    i.RTCOku                                 0x08001d54   Section        0  main.o(i.RTCOku)
    i.RTC_Bcd2ToByte                         0x08001dc4   Section        0  stm32f1xx_hal_rtc.o(i.RTC_Bcd2ToByte)
    RTC_Bcd2ToByte                           0x08001dc5   Thumb Code    18  stm32f1xx_hal_rtc.o(i.RTC_Bcd2ToByte)
    i.RTC_ByteToBcd2                         0x08001dd6   Section        0  stm32f1xx_hal_rtc.o(i.RTC_ByteToBcd2)
    RTC_ByteToBcd2                           0x08001dd7   Thumb Code    22  stm32f1xx_hal_rtc.o(i.RTC_ByteToBcd2)
    i.RTC_DateUpdate                         0x08001dec   Section        0  stm32f1xx_hal_rtc.o(i.RTC_DateUpdate)
    RTC_DateUpdate                           0x08001ded   Thumb Code   174  stm32f1xx_hal_rtc.o(i.RTC_DateUpdate)
    i.RTC_EnterInitMode                      0x08001e9a   Section        0  stm32f1xx_hal_rtc.o(i.RTC_EnterInitMode)
    RTC_EnterInitMode                        0x08001e9b   Thumb Code    52  stm32f1xx_hal_rtc.o(i.RTC_EnterInitMode)
    i.RTC_ExitInitMode                       0x08001ed0   Section        0  stm32f1xx_hal_rtc.o(i.RTC_ExitInitMode)
    RTC_ExitInitMode                         0x08001ed1   Thumb Code    54  stm32f1xx_hal_rtc.o(i.RTC_ExitInitMode)
    i.RTC_ReadAlarmCounter                   0x08001f06   Section        0  stm32f1xx_hal_rtc.o(i.RTC_ReadAlarmCounter)
    RTC_ReadAlarmCounter                     0x08001f07   Thumb Code    14  stm32f1xx_hal_rtc.o(i.RTC_ReadAlarmCounter)
    i.RTC_ReadTimeCounter                    0x08001f14   Section        0  stm32f1xx_hal_rtc.o(i.RTC_ReadTimeCounter)
    RTC_ReadTimeCounter                      0x08001f15   Thumb Code    32  stm32f1xx_hal_rtc.o(i.RTC_ReadTimeCounter)
    i.RTC_WeekDayNum                         0x08001f34   Section        0  stm32f1xx_hal_rtc.o(i.RTC_WeekDayNum)
    RTC_WeekDayNum                           0x08001f35   Thumb Code    86  stm32f1xx_hal_rtc.o(i.RTC_WeekDayNum)
    i.RTC_WriteAlarmCounter                  0x08001f8a   Section        0  stm32f1xx_hal_rtc.o(i.RTC_WriteAlarmCounter)
    RTC_WriteAlarmCounter                    0x08001f8b   Thumb Code    40  stm32f1xx_hal_rtc.o(i.RTC_WriteAlarmCounter)
    i.RTC_WriteTimeCounter                   0x08001fb2   Section        0  stm32f1xx_hal_rtc.o(i.RTC_WriteTimeCounter)
    RTC_WriteTimeCounter                     0x08001fb3   Thumb Code    40  stm32f1xx_hal_rtc.o(i.RTC_WriteTimeCounter)
    i.SPI_EndRxTxTransaction                 0x08001fda   Section        0  stm32f1xx_hal_spi.o(i.SPI_EndRxTxTransaction)
    SPI_EndRxTxTransaction                   0x08001fdb   Thumb Code    32  stm32f1xx_hal_spi.o(i.SPI_EndRxTxTransaction)
    i.SPI_WaitFlagStateUntilTimeout          0x08001ffc   Section        0  stm32f1xx_hal_spi.o(i.SPI_WaitFlagStateUntilTimeout)
    SPI_WaitFlagStateUntilTimeout            0x08001ffd   Thumb Code   180  stm32f1xx_hal_spi.o(i.SPI_WaitFlagStateUntilTimeout)
    i.ST7735_DrawImage                       0x080020b4   Section        0  st7735.o(i.ST7735_DrawImage)
    i.ST7735_DrawLine                        0x0800212c   Section        0  st7735.o(i.ST7735_DrawLine)
    i.ST7735_DrawPixel                       0x080021cc   Section        0  st7735.o(i.ST7735_DrawPixel)
    i.ST7735_DrawString                      0x08002234   Section        0  st7735.o(i.ST7735_DrawString)
    i.ST7735_ExecuteCommandList              0x080022b8   Section        0  st7735.o(i.ST7735_ExecuteCommandList)
    ST7735_ExecuteCommandList                0x080022b9   Thumb Code    70  st7735.o(i.ST7735_ExecuteCommandList)
    i.ST7735_FillRectangle                   0x08002300   Section        0  st7735.o(i.ST7735_FillRectangle)
    i.ST7735_FillScreen                      0x080023b8   Section        0  st7735.o(i.ST7735_FillScreen)
    i.ST7735_Init                            0x080023d4   Section        0  st7735.o(i.ST7735_Init)
    i.ST7735_SetAddressWindow                0x0800242c   Section        0  st7735.o(i.ST7735_SetAddressWindow)
    ST7735_SetAddressWindow                  0x0800242d   Thumb Code    82  st7735.o(i.ST7735_SetAddressWindow)
    i.ST7735_WriteChar                       0x08002484   Section        0  st7735.o(i.ST7735_WriteChar)
    ST7735_WriteChar                         0x08002485   Thumb Code   144  st7735.o(i.ST7735_WriteChar)
    i.ST7735_WriteCommand                    0x08002514   Section        0  st7735.o(i.ST7735_WriteCommand)
    ST7735_WriteCommand                      0x08002515   Thumb Code    30  st7735.o(i.ST7735_WriteCommand)
    i.ST7735_WriteData                       0x0800253c   Section        0  st7735.o(i.ST7735_WriteData)
    ST7735_WriteData                         0x0800253d   Thumb Code    34  st7735.o(i.ST7735_WriteData)
    i.SVC_Handler                            0x08002568   Section        0  stm32f1xx_it.o(i.SVC_Handler)
    i.SysTick_Handler                        0x0800256a   Section        0  stm32f1xx_it.o(i.SysTick_Handler)
    i.SystemClock_Config                     0x0800256e   Section        0  main.o(i.SystemClock_Config)
    i.SystemInit                             0x080025ee   Section        0  system_stm32f1xx.o(i.SystemInit)
    i.TIM_Base_SetConfig                     0x080025f0   Section        0  stm32f1xx_hal_tim.o(i.TIM_Base_SetConfig)
    i.TIM_ETR_SetConfig                      0x0800265c   Section        0  stm32f1xx_hal_tim.o(i.TIM_ETR_SetConfig)
    i.TIM_ITRx_SetConfig                     0x08002670   Section        0  stm32f1xx_hal_tim.o(i.TIM_ITRx_SetConfig)
    TIM_ITRx_SetConfig                       0x08002671   Thumb Code    16  stm32f1xx_hal_tim.o(i.TIM_ITRx_SetConfig)
    i.TIM_TI1_ConfigInputStage               0x08002680   Section        0  stm32f1xx_hal_tim.o(i.TIM_TI1_ConfigInputStage)
    TIM_TI1_ConfigInputStage                 0x08002681   Thumb Code    34  stm32f1xx_hal_tim.o(i.TIM_TI1_ConfigInputStage)
    i.TIM_TI2_ConfigInputStage               0x080026a2   Section        0  stm32f1xx_hal_tim.o(i.TIM_TI2_ConfigInputStage)
    TIM_TI2_ConfigInputStage                 0x080026a3   Thumb Code    36  stm32f1xx_hal_tim.o(i.TIM_TI2_ConfigInputStage)
    i.USER_initialize                        0x080026c8   Section        0  user_diskio.o(i.USER_initialize)
    i.USER_ioctl                             0x080026d8   Section        0  user_diskio.o(i.USER_ioctl)
    i.USER_read                              0x080026dc   Section        0  user_diskio.o(i.USER_read)
    i.USER_status                            0x080026e0   Section        0  user_diskio.o(i.USER_status)
    i.USER_write                             0x080026f0   Section        0  user_diskio.o(i.USER_write)
    i.UsageFault_Handler                     0x080026f4   Section        0  stm32f1xx_it.o(i.UsageFault_Handler)
    i.__NVIC_SetPriority                     0x080026f6   Section        0  stm32f1xx_hal_cortex.o(i.__NVIC_SetPriority)
    __NVIC_SetPriority                       0x080026f7   Thumb Code    32  stm32f1xx_hal_cortex.o(i.__NVIC_SetPriority)
    i._is_digit                              0x08002716   Section        0  __printf_wp.o(i._is_digit)
    i.baslangicekrani                        0x08002724   Section        0  fonksiyonlar.o(i.baslangicekrani)
    i.butonbul                               0x080027dc   Section        0  fonksiyonlar.o(i.butonbul)
    i.cubuk                                  0x080028d0   Section        0  fonksiyonlar.o(i.cubuk)
    i.cubukdik                               0x08002b7c   Section        0  fonksiyonlar.o(i.cubukdik)
    i.kare                                   0x08002e18   Section        0  fonksiyonlar.o(i.kare)
    i.ledDemo                                0x08003100   Section        0  fonksiyonlar.o(i.ledDemo)
    i.main                                   0x080031d4   Section        0  main.o(i.main)
    .constdata                               0x080033a4   Section     1900  fonts.o(.constdata)
    Font7x10                                 0x080033a4   Data        1900  fonts.o(.constdata)
    .constdata                               0x08003b10   Section     3420  fonts.o(.constdata)
    Font11x18                                0x08003b10   Data        3420  fonts.o(.constdata)
    .constdata                               0x0800486c   Section      115  st7735.o(.constdata)
    init_cmds1                               0x0800486c   Data          59  st7735.o(.constdata)
    init_cmds2                               0x080048a7   Data          13  st7735.o(.constdata)
    init_cmds3                               0x080048b4   Data          43  st7735.o(.constdata)
    .constdata                               0x080048e0   Section     5016  main.o(.constdata)
    .constdata                               0x08005c78   Section       16  system_stm32f1xx.o(.constdata)
    .constdata                               0x08005c88   Section        8  system_stm32f1xx.o(.constdata)
    .constdata                               0x08005c90   Section       17  __printf_flags_wp.o(.constdata)
    maptable                                 0x08005c90   Data          17  __printf_flags_wp.o(.constdata)
    .data                                    0x20000000   Section        2  fonksiyonlar.o(.data)
    .data                                    0x20000004   Section        8  fonts.o(.data)
    .data                                    0x2000000c   Section        8  fonts.o(.data)
    .data                                    0x20000014   Section       12  st7735.o(.data)
    _value_rotation                          0x20000014   Data           1  st7735.o(.data)
    _xstart                                  0x20000015   Data           1  st7735.o(.data)
    _ystart                                  0x20000016   Data           1  st7735.o(.data)
    _height                                  0x20000018   Data           2  st7735.o(.data)
    _width                                   0x2000001a   Data           2  st7735.o(.data)
    _data_rotation                           0x2000001c   Data           4  st7735.o(.data)
    .data                                    0x20000020   Section       32  main.o(.data)
    .data                                    0x20000040   Section       12  stm32f1xx_hal.o(.data)
    .data                                    0x2000004c   Section        4  system_stm32f1xx.o(.data)
    .data                                    0x20000050   Section        1  user_diskio.o(.data)
    Stat                                     0x20000050   Data           1  user_diskio.o(.data)
    .data                                    0x20000054   Section       20  user_diskio.o(.data)
    .data                                    0x20000068   Section        5  fatfs.o(.data)
    .bss                                     0x20000070   Section       24  fonksiyonlar.o(.bss)
    .bss                                     0x20000088   Section      509  main.o(.bss)
    .bss                                     0x20000288   Section       12  ff_gen_drv.o(.bss)
    .bss                                     0x20000294   Section       96  libspace.o(.bss)
    HEAP                                     0x200002f8   Section      512  startup_stm32f103xb.o(HEAP)
    Heap_Mem                                 0x200002f8   Data         512  startup_stm32f103xb.o(HEAP)
    STACK                                    0x200004f8   Section     1024  startup_stm32f103xb.o(STACK)
    Stack_Mem                                0x200004f8   Data        1024  startup_stm32f103xb.o(STACK)
    __initial_sp                             0x200008f8   Data           0  startup_stm32f103xb.o(STACK)

    Global Symbols

    Symbol Name                              Value     Ov Type        Size  Object(Section)

    BuildAttributes$$THM_ISAv4$P$D$K$B$S$PE$A:L22UL41UL21$X:L11$S22US41US21$IEEE1$IW$USESV6$~STKCKD$USESV7$~SHL$OSPACE$ROPI$EBA8$UX$STANDARDLIB$REQ8$PRES8$EABIv2 0x00000000   Number         0  anon$$obj.o ABSOLUTE
    __ARM_use_no_argv                        0x00000000   Number         0  main.o ABSOLUTE
    _printf_flags                            0x00000000   Number         0  printf_stubs.o ABSOLUTE
    _printf_return_value                     0x00000000   Number         0  printf_stubs.o ABSOLUTE
    _printf_sizespec                         0x00000000   Number         0  printf_stubs.o ABSOLUTE
    _printf_widthprec                        0x00000000   Number         0  printf_stubs.o ABSOLUTE
    __ARM_exceptions_init                     - Undefined Weak Reference
    __alloca_initialize                       - Undefined Weak Reference
    __arm_fini_                               - Undefined Weak Reference
    __arm_preinit_                            - Undefined Weak Reference
    __cpp_initialize__aeabi_                  - Undefined Weak Reference
    __cxa_finalize                            - Undefined Weak Reference
    __rt_locale                               - Undefined Weak Reference
    __sigvec_lookup                           - Undefined Weak Reference
    _atexit_init                              - Undefined Weak Reference
    _call_atexit_fns                          - Undefined Weak Reference
    _clock_init                               - Undefined Weak Reference
    _fp_trap_init                             - Undefined Weak Reference
    _fp_trap_shutdown                         - Undefined Weak Reference
    _get_lc_collate                           - Undefined Weak Reference
    _get_lc_ctype                             - Undefined Weak Reference
    _get_lc_monetary                          - Undefined Weak Reference
    _get_lc_numeric                           - Undefined Weak Reference
    _get_lc_time                              - Undefined Weak Reference
    _getenv_init                              - Undefined Weak Reference
    _handle_redirection                       - Undefined Weak Reference
    _init_alloc                               - Undefined Weak Reference
    _init_user_alloc                          - Undefined Weak Reference
    _initio                                   - Undefined Weak Reference
    _printf_truncate_signed                   - Undefined Weak Reference
    _printf_truncate_unsigned                 - Undefined Weak Reference
    _rand_init                                - Undefined Weak Reference
    _signal_finish                            - Undefined Weak Reference
    _signal_init                              - Undefined Weak Reference
    _terminate_alloc                          - Undefined Weak Reference
    _terminate_user_alloc                     - Undefined Weak Reference
    _terminateio                              - Undefined Weak Reference
    __Vectors_Size                           0x000000ec   Number         0  startup_stm32f103xb.o ABSOLUTE
    __Vectors                                0x08000000   Data           4  startup_stm32f103xb.o(RESET)
    __Vectors_End                            0x080000ec   Data           0  startup_stm32f103xb.o(RESET)
    __main                                   0x080000ed   Thumb Code     8  __main.o(!!!main)
    __scatterload                            0x080000f5   Thumb Code     0  __scatter.o(!!!scatter)
    __scatterload_rt2                        0x080000f5   Thumb Code    44  __scatter.o(!!!scatter)
    __scatterload_rt2_thumb_only             0x080000f5   Thumb Code     0  __scatter.o(!!!scatter)
    __scatterload_null                       0x08000103   Thumb Code     0  __scatter.o(!!!scatter)
    __scatterload_copy                       0x08000129   Thumb Code    26  __scatter_copy.o(!!handler_copy)
    __scatterload_zeroinit                   0x08000145   Thumb Code    28  __scatter_zi.o(!!handler_zi)
    _printf_d                                0x08000161   Thumb Code     0  _printf_d.o(.ARM.Collect$$_printf_percent$$00000009)
    _printf_percent                          0x08000161   Thumb Code     0  _printf_percent.o(.ARM.Collect$$_printf_percent$$00000000)
    _printf_percent_end                      0x08000167   Thumb Code     0  _printf_percent_end.o(.ARM.Collect$$_printf_percent$$00000017)
    __rt_lib_init                            0x0800016b   Thumb Code     0  libinit.o(.ARM.Collect$$libinit$$00000000)
    __rt_lib_init_alloca_1                   0x0800016d   Thumb Code     0  libinit2.o(.ARM.Collect$$libinit$$0000002E)
    __rt_lib_init_argv_1                     0x0800016d   Thumb Code     0  libinit2.o(.ARM.Collect$$libinit$$0000002C)
    __rt_lib_init_atexit_1                   0x0800016d   Thumb Code     0  libinit2.o(.ARM.Collect$$libinit$$0000001B)
    __rt_lib_init_clock_1                    0x0800016d   Thumb Code     0  libinit2.o(.ARM.Collect$$libinit$$00000021)
    __rt_lib_init_cpp_1                      0x0800016d   Thumb Code     0  libinit2.o(.ARM.Collect$$libinit$$00000032)
    __rt_lib_init_exceptions_1               0x0800016d   Thumb Code     0  libinit2.o(.ARM.Collect$$libinit$$00000030)
    __rt_lib_init_fp_1                       0x0800016d   Thumb Code     0  libinit2.o(.ARM.Collect$$libinit$$00000002)
    __rt_lib_init_fp_trap_1                  0x0800016d   Thumb Code     0  libinit2.o(.ARM.Collect$$libinit$$0000001F)
    __rt_lib_init_getenv_1                   0x0800016d   Thumb Code     0  libinit2.o(.ARM.Collect$$libinit$$00000023)
    __rt_lib_init_heap_1                     0x0800016d   Thumb Code     0  libinit2.o(.ARM.Collect$$libinit$$0000000A)
    __rt_lib_init_lc_collate_1               0x0800016d   Thumb Code     0  libinit2.o(.ARM.Collect$$libinit$$00000011)
    __rt_lib_init_lc_ctype_1                 0x0800016d   Thumb Code     0  libinit2.o(.ARM.Collect$$libinit$$00000013)
    __rt_lib_init_lc_monetary_1              0x0800016d   Thumb Code     0  libinit2.o(.ARM.Collect$$libinit$$00000015)
    __rt_lib_init_lc_numeric_1               0x0800016d   Thumb Code     0  libinit2.o(.ARM.Collect$$libinit$$00000017)
    __rt_lib_init_lc_time_1                  0x0800016d   Thumb Code     0  libinit2.o(.ARM.Collect$$libinit$$00000019)
    __rt_lib_init_preinit_1                  0x0800016d   Thumb Code     0  libinit2.o(.ARM.Collect$$libinit$$00000004)
    __rt_lib_init_rand_1                     0x0800016d   Thumb Code     0  libinit2.o(.ARM.Collect$$libinit$$0000000E)
    __rt_lib_init_return                     0x0800016d   Thumb Code     0  libinit2.o(.ARM.Collect$$libinit$$00000033)
    __rt_lib_init_signal_1                   0x0800016d   Thumb Code     0  libinit2.o(.ARM.Collect$$libinit$$0000001D)
    __rt_lib_init_stdio_1                    0x0800016d   Thumb Code     0  libinit2.o(.ARM.Collect$$libinit$$00000025)
    __rt_lib_init_user_alloc_1               0x0800016d   Thumb Code     0  libinit2.o(.ARM.Collect$$libinit$$0000000C)
    __rt_lib_shutdown                        0x0800016f   Thumb Code     0  libshutdown.o(.ARM.Collect$$libshutdown$$00000000)
    __rt_lib_shutdown_cpp_1                  0x08000171   Thumb Code     0  libshutdown2.o(.ARM.Collect$$libshutdown$$00000004)
    __rt_lib_shutdown_fini_1                 0x08000171   Thumb Code     0  libshutdown2.o(.ARM.Collect$$libshutdown$$00000002)
    __rt_lib_shutdown_fp_trap_1              0x08000171   Thumb Code     0  libshutdown2.o(.ARM.Collect$$libshutdown$$00000009)
    __rt_lib_shutdown_heap_1                 0x08000171   Thumb Code     0  libshutdown2.o(.ARM.Collect$$libshutdown$$00000011)
    __rt_lib_shutdown_return                 0x08000171   Thumb Code     0  libshutdown2.o(.ARM.Collect$$libshutdown$$00000012)
    __rt_lib_shutdown_signal_1               0x08000171   Thumb Code     0  libshutdown2.o(.ARM.Collect$$libshutdown$$0000000C)
    __rt_lib_shutdown_stdio_1                0x08000171   Thumb Code     0  libshutdown2.o(.ARM.Collect$$libshutdown$$00000006)
    __rt_lib_shutdown_user_alloc_1           0x08000171   Thumb Code     0  libshutdown2.o(.ARM.Collect$$libshutdown$$0000000E)
    __rt_entry                               0x08000173   Thumb Code     0  __rtentry.o(.ARM.Collect$$rtentry$$00000000)
    __rt_entry_presh_1                       0x08000173   Thumb Code     0  __rtentry2.o(.ARM.Collect$$rtentry$$00000002)
    __rt_entry_sh                            0x08000173   Thumb Code     0  __rtentry4.o(.ARM.Collect$$rtentry$$00000004)
    __rt_entry_li                            0x08000179   Thumb Code     0  __rtentry2.o(.ARM.Collect$$rtentry$$0000000A)
    __rt_entry_postsh_1                      0x08000179   Thumb Code     0  __rtentry2.o(.ARM.Collect$$rtentry$$00000009)
    __rt_entry_main                          0x0800017d   Thumb Code     0  __rtentry2.o(.ARM.Collect$$rtentry$$0000000D)
    __rt_entry_postli_1                      0x0800017d   Thumb Code     0  __rtentry2.o(.ARM.Collect$$rtentry$$0000000C)
    __rt_exit                                0x08000185   Thumb Code     0  rtexit.o(.ARM.Collect$$rtexit$$00000000)
    __rt_exit_ls                             0x08000187   Thumb Code     0  rtexit2.o(.ARM.Collect$$rtexit$$00000003)
    __rt_exit_prels_1                        0x08000187   Thumb Code     0  rtexit2.o(.ARM.Collect$$rtexit$$00000002)
    __rt_exit_exit                           0x0800018b   Thumb Code     0  rtexit2.o(.ARM.Collect$$rtexit$$00000004)
    Reset_Handler                            0x08000191   Thumb Code     8  startup_stm32f103xb.o(.text)
    ADC1_2_IRQHandler                        0x080001ab   Thumb Code     0  startup_stm32f103xb.o(.text)
    CAN1_RX1_IRQHandler                      0x080001ab   Thumb Code     0  startup_stm32f103xb.o(.text)
    CAN1_SCE_IRQHandler                      0x080001ab   Thumb Code     0  startup_stm32f103xb.o(.text)
    DMA1_Channel1_IRQHandler                 0x080001ab   Thumb Code     0  startup_stm32f103xb.o(.text)
    DMA1_Channel2_IRQHandler                 0x080001ab   Thumb Code     0  startup_stm32f103xb.o(.text)
    DMA1_Channel3_IRQHandler                 0x080001ab   Thumb Code     0  startup_stm32f103xb.o(.text)
    DMA1_Channel4_IRQHandler                 0x080001ab   Thumb Code     0  startup_stm32f103xb.o(.text)
    DMA1_Channel5_IRQHandler                 0x080001ab   Thumb Code     0  startup_stm32f103xb.o(.text)
    DMA1_Channel6_IRQHandler                 0x080001ab   Thumb Code     0  startup_stm32f103xb.o(.text)
    DMA1_Channel7_IRQHandler                 0x080001ab   Thumb Code     0  startup_stm32f103xb.o(.text)
    EXTI0_IRQHandler                         0x080001ab   Thumb Code     0  startup_stm32f103xb.o(.text)
    EXTI15_10_IRQHandler                     0x080001ab   Thumb Code     0  startup_stm32f103xb.o(.text)
    EXTI1_IRQHandler                         0x080001ab   Thumb Code     0  startup_stm32f103xb.o(.text)
    EXTI2_IRQHandler                         0x080001ab   Thumb Code     0  startup_stm32f103xb.o(.text)
    EXTI3_IRQHandler                         0x080001ab   Thumb Code     0  startup_stm32f103xb.o(.text)
    EXTI4_IRQHandler                         0x080001ab   Thumb Code     0  startup_stm32f103xb.o(.text)
    EXTI9_5_IRQHandler                       0x080001ab   Thumb Code     0  startup_stm32f103xb.o(.text)
    FLASH_IRQHandler                         0x080001ab   Thumb Code     0  startup_stm32f103xb.o(.text)
    I2C1_ER_IRQHandler                       0x080001ab   Thumb Code     0  startup_stm32f103xb.o(.text)
    I2C1_EV_IRQHandler                       0x080001ab   Thumb Code     0  startup_stm32f103xb.o(.text)
    I2C2_ER_IRQHandler                       0x080001ab   Thumb Code     0  startup_stm32f103xb.o(.text)
    I2C2_EV_IRQHandler                       0x080001ab   Thumb Code     0  startup_stm32f103xb.o(.text)
    PVD_IRQHandler                           0x080001ab   Thumb Code     0  startup_stm32f103xb.o(.text)
    RCC_IRQHandler                           0x080001ab   Thumb Code     0  startup_stm32f103xb.o(.text)
    RTC_Alarm_IRQHandler                     0x080001ab   Thumb Code     0  startup_stm32f103xb.o(.text)
    RTC_IRQHandler                           0x080001ab   Thumb Code     0  startup_stm32f103xb.o(.text)
    SPI1_IRQHandler                          0x080001ab   Thumb Code     0  startup_stm32f103xb.o(.text)
    SPI2_IRQHandler                          0x080001ab   Thumb Code     0  startup_stm32f103xb.o(.text)
    TAMPER_IRQHandler                        0x080001ab   Thumb Code     0  startup_stm32f103xb.o(.text)
    TIM1_BRK_IRQHandler                      0x080001ab   Thumb Code     0  startup_stm32f103xb.o(.text)
    TIM1_CC_IRQHandler                       0x080001ab   Thumb Code     0  startup_stm32f103xb.o(.text)
    TIM1_TRG_COM_IRQHandler                  0x080001ab   Thumb Code     0  startup_stm32f103xb.o(.text)
    TIM1_UP_IRQHandler                       0x080001ab   Thumb Code     0  startup_stm32f103xb.o(.text)
    TIM2_IRQHandler                          0x080001ab   Thumb Code     0  startup_stm32f103xb.o(.text)
    TIM3_IRQHandler                          0x080001ab   Thumb Code     0  startup_stm32f103xb.o(.text)
    TIM4_IRQHandler                          0x080001ab   Thumb Code     0  startup_stm32f103xb.o(.text)
    USART1_IRQHandler                        0x080001ab   Thumb Code     0  startup_stm32f103xb.o(.text)
    USART2_IRQHandler                        0x080001ab   Thumb Code     0  startup_stm32f103xb.o(.text)
    USART3_IRQHandler                        0x080001ab   Thumb Code     0  startup_stm32f103xb.o(.text)
    USBWakeUp_IRQHandler                     0x080001ab   Thumb Code     0  startup_stm32f103xb.o(.text)
    USB_HP_CAN1_TX_IRQHandler                0x080001ab   Thumb Code     0  startup_stm32f103xb.o(.text)
    USB_LP_CAN1_RX0_IRQHandler               0x080001ab   Thumb Code     0  startup_stm32f103xb.o(.text)
    WWDG_IRQHandler                          0x080001ab   Thumb Code     0  startup_stm32f103xb.o(.text)
    __user_initial_stackheap                 0x080001ad   Thumb Code     0  startup_stm32f103xb.o(.text)
    __2sprintf                               0x080001d1   Thumb Code    34  noretval__2sprintf.o(.text)
    _printf_pre_padding                      0x080001f9   Thumb Code    44  _printf_pad.o(.text)
    _printf_post_padding                     0x08000225   Thumb Code    34  _printf_pad.o(.text)
    _printf_int_dec                          0x08000249   Thumb Code   104  _printf_dec.o(.text)
    __printf                                 0x080002c1   Thumb Code   308  __printf_flags_wp.o(.text)
    __aeabi_memclr4                          0x080003f9   Thumb Code     0  rt_memclr_w.o(.text)
    __aeabi_memclr8                          0x080003f9   Thumb Code     0  rt_memclr_w.o(.text)
    __rt_memclr_w                            0x080003f9   Thumb Code    78  rt_memclr_w.o(.text)
    _memset_w                                0x080003fd   Thumb Code     0  rt_memclr_w.o(.text)
    __use_two_region_memory                  0x08000447   Thumb Code     2  heapauxi.o(.text)
    __rt_heap_escrow$2region                 0x08000449   Thumb Code     2  heapauxi.o(.text)
    __rt_heap_expand$2region                 0x0800044b   Thumb Code     2  heapauxi.o(.text)
    _printf_int_common                       0x0800044d   Thumb Code   178  _printf_intcommon.o(.text)
    _printf_char_common                      0x0800050b   Thumb Code    32  _printf_char_common.o(.text)
    _sputc                                   0x08000531   Thumb Code    10  _sputc.o(.text)
    __user_setup_stackheap                   0x0800053b   Thumb Code    74  sys_stackheap_outer.o(.text)
    exit                                     0x08000585   Thumb Code    18  exit.o(.text)
    __user_libspace                          0x08000599   Thumb Code     8  libspace.o(.text)
    __user_perproc_libspace                  0x08000599   Thumb Code     0  libspace.o(.text)
    __user_perthread_libspace                0x08000599   Thumb Code     0  libspace.o(.text)
    _sys_exit                                0x080005a1   Thumb Code     8  sys_exit.o(.text)
    __I$use$semihosting                      0x080005ad   Thumb Code     0  use_no_semi.o(.text)
    __use_no_semihosting_swi                 0x080005ad   Thumb Code     2  use_no_semi.o(.text)
    BusFault_Handler                         0x080005af   Thumb Code     2  stm32f1xx_it.o(i.BusFault_Handler)
    __semihosting_library_function           0x080005af   Thumb Code     0  indicate_semi.o(.text)
    Config_GPIO_Input                        0x080005b1   Thumb Code    30  hdq.o(i.Config_GPIO_Input)
    Config_GPIO_Output                       0x080005d5   Thumb Code    30  hdq.o(i.Config_GPIO_Output)
    DWT_Delay_Init                           0x080005f9   Thumb Code    58  dwt_stm32_delay.o(i.DWT_Delay_Init)
    DebugMon_Handler                         0x08000669   Thumb Code     2  stm32f1xx_it.o(i.DebugMon_Handler)
    FATFS_LinkDriver                         0x0800066b   Thumb Code     6  ff_gen_drv.o(i.FATFS_LinkDriver)
    FATFS_LinkDriverEx                       0x08000671   Thumb Code    60  ff_gen_drv.o(i.FATFS_LinkDriverEx)
    HAL_Delay                                0x080006b1   Thumb Code    32  stm32f1xx_hal.o(i.HAL_Delay)
    HAL_GPIO_DeInit                          0x080006d5   Thumb Code   228  stm32f1xx_hal_gpio.o(i.HAL_GPIO_DeInit)
    HAL_GPIO_Init                            0x080007d1   Thumb Code   446  stm32f1xx_hal_gpio.o(i.HAL_GPIO_Init)
    HAL_GPIO_ReadPin                         0x080009b1   Thumb Code    10  stm32f1xx_hal_gpio.o(i.HAL_GPIO_ReadPin)
    HAL_GPIO_WritePin                        0x080009bb   Thumb Code    10  stm32f1xx_hal_gpio.o(i.HAL_GPIO_WritePin)
    HAL_GetTick                              0x080009c5   Thumb Code     6  stm32f1xx_hal.o(i.HAL_GetTick)
    HAL_IncTick                              0x080009d1   Thumb Code    12  stm32f1xx_hal.o(i.HAL_IncTick)
    HAL_Init                                 0x080009e1   Thumb Code    32  stm32f1xx_hal.o(i.HAL_Init)
    HAL_InitTick                             0x08000a05   Thumb Code    54  stm32f1xx_hal.o(i.HAL_InitTick)
    HAL_MspInit                              0x08000a45   Thumb Code    52  stm32f1xx_hal_msp.o(i.HAL_MspInit)
    HAL_NVIC_SetPriority                     0x08000a81   Thumb Code    60  stm32f1xx_hal_cortex.o(i.HAL_NVIC_SetPriority)
    HAL_NVIC_SetPriorityGrouping             0x08000ac1   Thumb Code    26  stm32f1xx_hal_cortex.o(i.HAL_NVIC_SetPriorityGrouping)
    HAL_PWR_EnableBkUpAccess                 0x08000ae5   Thumb Code     8  stm32f1xx_hal_pwr.o(i.HAL_PWR_EnableBkUpAccess)
    HAL_RCCEx_GetPeriphCLKFreq               0x08000af1   Thumb Code   166  stm32f1xx_hal_rcc_ex.o(i.HAL_RCCEx_GetPeriphCLKFreq)
    HAL_RCCEx_PeriphCLKConfig                0x08000bb9   Thumb Code   224  stm32f1xx_hal_rcc_ex.o(i.HAL_RCCEx_PeriphCLKConfig)
    HAL_RCC_ClockConfig                      0x08000ca5   Thumb Code   280  stm32f1xx_hal_rcc.o(i.HAL_RCC_ClockConfig)
    HAL_RCC_GetHCLKFreq                      0x08000dd1   Thumb Code     6  stm32f1xx_hal_rcc.o(i.HAL_RCC_GetHCLKFreq)
    HAL_RCC_GetPCLK2Freq                     0x08000ddd   Thumb Code    20  stm32f1xx_hal_rcc.o(i.HAL_RCC_GetPCLK2Freq)
    HAL_RCC_GetSysClockFreq                  0x08000dfd   Thumb Code    74  stm32f1xx_hal_rcc.o(i.HAL_RCC_GetSysClockFreq)
    HAL_RCC_OscConfig                        0x08000e69   Thumb Code   778  stm32f1xx_hal_rcc.o(i.HAL_RCC_OscConfig)
    HAL_RTC_GetDate                          0x08001189   Thumb Code    78  stm32f1xx_hal_rtc.o(i.HAL_RTC_GetDate)
    HAL_RTC_GetTime                          0x080011d7   Thumb Code   216  stm32f1xx_hal_rtc.o(i.HAL_RTC_GetTime)
    HAL_RTC_Init                             0x080012b1   Thumb Code   154  stm32f1xx_hal_rtc.o(i.HAL_RTC_Init)
    HAL_RTC_MspInit                          0x08001351   Thumb Code    40  stm32f1xx_hal_msp.o(i.HAL_RTC_MspInit)
    HAL_RTC_SetDate                          0x08001385   Thumb Code   192  stm32f1xx_hal_rtc.o(i.HAL_RTC_SetDate)
    HAL_RTC_SetTime                          0x08001449   Thumb Code   168  stm32f1xx_hal_rtc.o(i.HAL_RTC_SetTime)
    HAL_RTC_WaitForSynchro                   0x080014f5   Thumb Code    58  stm32f1xx_hal_rtc.o(i.HAL_RTC_WaitForSynchro)
    HAL_SPI_Init                             0x0800152f   Thumb Code   178  stm32f1xx_hal_spi.o(i.HAL_SPI_Init)
    HAL_SPI_MspInit                          0x080015e1   Thumb Code   154  stm32f1xx_hal_msp.o(i.HAL_SPI_MspInit)
    HAL_SPI_Transmit                         0x08001691   Thumb Code   358  stm32f1xx_hal_spi.o(i.HAL_SPI_Transmit)
    HAL_SYSTICK_Config                       0x080017f7   Thumb Code    40  stm32f1xx_hal_cortex.o(i.HAL_SYSTICK_Config)
    HAL_TIMEx_MasterConfigSynchronization    0x08001821   Thumb Code    92  stm32f1xx_hal_tim_ex.o(i.HAL_TIMEx_MasterConfigSynchronization)
    HAL_TIM_Base_Init                        0x08001889   Thumb Code    90  stm32f1xx_hal_tim.o(i.HAL_TIM_Base_Init)
    HAL_TIM_Base_MspInit                     0x080018e5   Thumb Code    30  stm32f1xx_hal_msp.o(i.HAL_TIM_Base_MspInit)
    HAL_TIM_ConfigClockSource                0x0800190d   Thumb Code   214  stm32f1xx_hal_tim.o(i.HAL_TIM_ConfigClockSource)
    HDQ_doBreak                              0x080019e5   Thumb Code    46  hdq.o(i.HDQ_doBreak)
    HDQ_read                                 0x08001a19   Thumb Code   106  hdq.o(i.HDQ_read)
    HDQ_writeByte                            0x08001a89   Thumb Code   104  hdq.o(i.HDQ_writeByte)
    HardFault_Handler                        0x08001af5   Thumb Code     2  stm32f1xx_it.o(i.HardFault_Handler)
    MX_FATFS_Init                            0x08001af9   Thumb Code    18  fatfs.o(i.MX_FATFS_Init)
    MemManage_Handler                        0x08001d4d   Thumb Code     2  stm32f1xx_it.o(i.MemManage_Handler)
    NMI_Handler                              0x08001d4f   Thumb Code     2  stm32f1xx_it.o(i.NMI_Handler)
    PendSV_Handler                           0x08001d51   Thumb Code     2  stm32f1xx_it.o(i.PendSV_Handler)
    RTCOku                                   0x08001d55   Thumb Code    72  main.o(i.RTCOku)
    ST7735_DrawImage                         0x080020b5   Thumb Code   112  st7735.o(i.ST7735_DrawImage)
    ST7735_DrawLine                          0x0800212d   Thumb Code   160  st7735.o(i.ST7735_DrawLine)
    ST7735_DrawPixel                         0x080021cd   Thumb Code    94  st7735.o(i.ST7735_DrawPixel)
    ST7735_DrawString                        0x08002235   Thumb Code   124  st7735.o(i.ST7735_DrawString)
    ST7735_FillRectangle                     0x08002301   Thumb Code   172  st7735.o(i.ST7735_FillRectangle)
    ST7735_FillScreen                        0x080023b9   Thumb Code    24  st7735.o(i.ST7735_FillScreen)
    ST7735_Init                              0x080023d5   Thumb Code    80  st7735.o(i.ST7735_Init)
    SVC_Handler                              0x08002569   Thumb Code     2  stm32f1xx_it.o(i.SVC_Handler)
    SysTick_Handler                          0x0800256b   Thumb Code     4  stm32f1xx_it.o(i.SysTick_Handler)
    SystemClock_Config                       0x0800256f   Thumb Code   128  main.o(i.SystemClock_Config)
    SystemInit                               0x080025ef   Thumb Code     2  system_stm32f1xx.o(i.SystemInit)
    TIM_Base_SetConfig                       0x080025f1   Thumb Code    94  stm32f1xx_hal_tim.o(i.TIM_Base_SetConfig)
    TIM_ETR_SetConfig                        0x0800265d   Thumb Code    20  stm32f1xx_hal_tim.o(i.TIM_ETR_SetConfig)
    USER_initialize                          0x080026c9   Thumb Code    10  user_diskio.o(i.USER_initialize)
    USER_ioctl                               0x080026d9   Thumb Code     4  user_diskio.o(i.USER_ioctl)
    USER_read                                0x080026dd   Thumb Code     4  user_diskio.o(i.USER_read)
    USER_status                              0x080026e1   Thumb Code    10  user_diskio.o(i.USER_status)
    USER_write                               0x080026f1   Thumb Code     4  user_diskio.o(i.USER_write)
    UsageFault_Handler                       0x080026f5   Thumb Code     2  stm32f1xx_it.o(i.UsageFault_Handler)
    _is_digit                                0x08002717   Thumb Code    14  __printf_wp.o(i._is_digit)
    baslangicekrani                          0x08002725   Thumb Code   124  fonksiyonlar.o(i.baslangicekrani)
    butonbul                                 0x080027dd   Thumb Code   236  fonksiyonlar.o(i.butonbul)
    cubuk                                    0x080028d1   Thumb Code   680  fonksiyonlar.o(i.cubuk)
    cubukdik                                 0x08002b7d   Thumb Code   664  fonksiyonlar.o(i.cubukdik)
    kare                                     0x08002e19   Thumb Code   740  fonksiyonlar.o(i.kare)
    ledDemo                                  0x08003101   Thumb Code   204  fonksiyonlar.o(i.ledDemo)
    main                                     0x080031d5   Thumb Code   410  main.o(i.main)
    logo1                                    0x080048e0   Data        5016  main.o(.constdata)
    AHBPrescTable                            0x08005c78   Data          16  system_stm32f1xx.o(.constdata)
    APBPrescTable                            0x08005c88   Data           8  system_stm32f1xx.o(.constdata)
    Region$$Table$$Base                      0x08005ca4   Number         0  anon$$obj.o(Region$$Table)
    Region$$Table$$Limit                     0x08005cc4   Number         0  anon$$obj.o(Region$$Table)
    x                                        0x20000000   Data           1  fonksiyonlar.o(.data)
    zorluk                                   0x20000001   Data           1  fonksiyonlar.o(.data)
    Font_7x10                                0x20000004   Data           8  fonts.o(.data)
    Font_11x18                               0x2000000c   Data           8  fonts.o(.data)
    basla                                    0x20000020   Data           1  main.o(.data)
    LSB                                      0x20000021   Data           1  main.o(.data)
    MSB                                      0x20000022   Data           1  main.o(.data)
    randomsayi                               0x20000024   Data           2  main.o(.data)
    skor                                     0x20000026   Data           2  main.o(.data)
    SOC                                      0x20000028   Data           2  main.o(.data)
    yuzde                                    0x2000002a   Data           3  main.o(.data)
    gTime                                    0x2000002d   Data           3  main.o(.data)
    yazi                                     0x20000030   Data           4  main.o(.data)
    gDate                                    0x20000034   Data           4  main.o(.data)
    saat                                     0x20000038   Data           8  main.o(.data)
    uwTickFreq                               0x20000040   Data           1  stm32f1xx_hal.o(.data)
    uwTickPrio                               0x20000044   Data           4  stm32f1xx_hal.o(.data)
    uwTick                                   0x20000048   Data           4  stm32f1xx_hal.o(.data)
    SystemCoreClock                          0x2000004c   Data           4  system_stm32f1xx.o(.data)
    USER_Driver                              0x20000054   Data          20  user_diskio.o(.data)
    retUSER                                  0x20000068   Data           1  fatfs.o(.data)
    USERPath                                 0x20000069   Data           4  fatfs.o(.data)
    baslyazi                                 0x20000070   Data          24  fonksiyonlar.o(.bss)
    hrtc                                     0x20000088   Data          20  main.o(.bss)
    hspi1                                    0x2000009c   Data          88  main.o(.bss)
    hspi2                                    0x200000f4   Data          88  main.o(.bss)
    htim1                                    0x2000014c   Data          72  main.o(.bss)
    dizi                                     0x20000194   Data         231  main.o(.bss)
    date                                     0x2000027b   Data          10  main.o(.bss)
    disk                                     0x20000288   Data          12  ff_gen_drv.o(.bss)
    __libspace_start                         0x20000294   Data          96  libspace.o(.bss)
    __temporary_stack_top$libspace           0x200002f4   Data           0  libspace.o(.bss)



==============================================================================

Memory Map of the image

  Image Entry point : 0x080000ed

  Load Region LR_IROM1 (Base: 0x08000000, Size: 0x00005d34, Max: 0x00010000, ABSOLUTE)

    Execution Region ER_IROM1 (Exec base: 0x08000000, Load base: 0x08000000, Size: 0x00005cc4, Max: 0x00010000, ABSOLUTE)

    Exec Addr    Load Addr    Size         Type   Attr      Idx    E Section Name        Object

    0x08000000   0x08000000   0x000000ec   Data   RO            3    RESET               startup_stm32f103xb.o
    0x080000ec   0x080000ec   0x00000008   Code   RO         4015  * !!!main             c_w.l(__main.o)
    0x080000f4   0x080000f4   0x00000034   Code   RO         4183    !!!scatter          c_w.l(__scatter.o)
    0x08000128   0x08000128   0x0000001a   Code   RO         4185    !!handler_copy      c_w.l(__scatter_copy.o)
    0x08000142   0x08000142   0x00000002   PAD
    0x08000144   0x08000144   0x0000001c   Code   RO         4187    !!handler_zi        c_w.l(__scatter_zi.o)
    0x08000160   0x08000160   0x00000000   Code   RO         4010    .ARM.Collect$$_printf_percent$$00000000  c_w.l(_printf_percent.o)
    0x08000160   0x08000160   0x00000006   Code   RO         4009    .ARM.Collect$$_printf_percent$$00000009  c_w.l(_printf_d.o)
    0x08000166   0x08000166   0x00000004   Code   RO         4024    .ARM.Collect$$_printf_percent$$00000017  c_w.l(_printf_percent_end.o)
    0x0800016a   0x0800016a   0x00000002   Code   RO         4051    .ARM.Collect$$libinit$$00000000  c_w.l(libinit.o)
    0x0800016c   0x0800016c   0x00000000   Code   RO         4058    .ARM.Collect$$libinit$$00000002  c_w.l(libinit2.o)
    0x0800016c   0x0800016c   0x00000000   Code   RO         4060    .ARM.Collect$$libinit$$00000004  c_w.l(libinit2.o)
    0x0800016c   0x0800016c   0x00000000   Code   RO         4063    .ARM.Collect$$libinit$$0000000A  c_w.l(libinit2.o)
    0x0800016c   0x0800016c   0x00000000   Code   RO         4065    .ARM.Collect$$libinit$$0000000C  c_w.l(libinit2.o)
    0x0800016c   0x0800016c   0x00000000   Code   RO         4067    .ARM.Collect$$libinit$$0000000E  c_w.l(libinit2.o)
    0x0800016c   0x0800016c   0x00000000   Code   RO         4070    .ARM.Collect$$libinit$$00000011  c_w.l(libinit2.o)
    0x0800016c   0x0800016c   0x00000000   Code   RO         4072    .ARM.Collect$$libinit$$00000013  c_w.l(libinit2.o)
    0x0800016c   0x0800016c   0x00000000   Code   RO         4074    .ARM.Collect$$libinit$$00000015  c_w.l(libinit2.o)
    0x0800016c   0x0800016c   0x00000000   Code   RO         4076    .ARM.Collect$$libinit$$00000017  c_w.l(libinit2.o)
    0x0800016c   0x0800016c   0x00000000   Code   RO         4078    .ARM.Collect$$libinit$$00000019  c_w.l(libinit2.o)
    0x0800016c   0x0800016c   0x00000000   Code   RO         4080    .ARM.Collect$$libinit$$0000001B  c_w.l(libinit2.o)
    0x0800016c   0x0800016c   0x00000000   Code   RO         4082    .ARM.Collect$$libinit$$0000001D  c_w.l(libinit2.o)
    0x0800016c   0x0800016c   0x00000000   Code   RO         4084    .ARM.Collect$$libinit$$0000001F  c_w.l(libinit2.o)
    0x0800016c   0x0800016c   0x00000000   Code   RO         4086    .ARM.Collect$$libinit$$00000021  c_w.l(libinit2.o)
    0x0800016c   0x0800016c   0x00000000   Code   RO         4088    .ARM.Collect$$libinit$$00000023  c_w.l(libinit2.o)
    0x0800016c   0x0800016c   0x00000000   Code   RO         4090    .ARM.Collect$$libinit$$00000025  c_w.l(libinit2.o)
    0x0800016c   0x0800016c   0x00000000   Code   RO         4094    .ARM.Collect$$libinit$$0000002C  c_w.l(libinit2.o)
    0x0800016c   0x0800016c   0x00000000   Code   RO         4096    .ARM.Collect$$libinit$$0000002E  c_w.l(libinit2.o)
    0x0800016c   0x0800016c   0x00000000   Code   RO         4098    .ARM.Collect$$libinit$$00000030  c_w.l(libinit2.o)
    0x0800016c   0x0800016c   0x00000000   Code   RO         4100    .ARM.Collect$$libinit$$00000032  c_w.l(libinit2.o)
    0x0800016c   0x0800016c   0x00000002   Code   RO         4101    .ARM.Collect$$libinit$$00000033  c_w.l(libinit2.o)
    0x0800016e   0x0800016e   0x00000002   Code   RO         4121    .ARM.Collect$$libshutdown$$00000000  c_w.l(libshutdown.o)
    0x08000170   0x08000170   0x00000000   Code   RO         4134    .ARM.Collect$$libshutdown$$00000002  c_w.l(libshutdown2.o)
    0x08000170   0x08000170   0x00000000   Code   RO         4136    .ARM.Collect$$libshutdown$$00000004  c_w.l(libshutdown2.o)
    0x08000170   0x08000170   0x00000000   Code   RO         4138    .ARM.Collect$$libshutdown$$00000006  c_w.l(libshutdown2.o)
    0x08000170   0x08000170   0x00000000   Code   RO         4141    .ARM.Collect$$libshutdown$$00000009  c_w.l(libshutdown2.o)
    0x08000170   0x08000170   0x00000000   Code   RO         4144    .ARM.Collect$$libshutdown$$0000000C  c_w.l(libshutdown2.o)
    0x08000170   0x08000170   0x00000000   Code   RO         4146    .ARM.Collect$$libshutdown$$0000000E  c_w.l(libshutdown2.o)
    0x08000170   0x08000170   0x00000000   Code   RO         4149    .ARM.Collect$$libshutdown$$00000011  c_w.l(libshutdown2.o)
    0x08000170   0x08000170   0x00000002   Code   RO         4150    .ARM.Collect$$libshutdown$$00000012  c_w.l(libshutdown2.o)
    0x08000172   0x08000172   0x00000000   Code   RO         4017    .ARM.Collect$$rtentry$$00000000  c_w.l(__rtentry.o)
    0x08000172   0x08000172   0x00000000   Code   RO         4026    .ARM.Collect$$rtentry$$00000002  c_w.l(__rtentry2.o)
    0x08000172   0x08000172   0x00000006   Code   RO         4038    .ARM.Collect$$rtentry$$00000004  c_w.l(__rtentry4.o)
    0x08000178   0x08000178   0x00000000   Code   RO         4028    .ARM.Collect$$rtentry$$00000009  c_w.l(__rtentry2.o)
    0x08000178   0x08000178   0x00000004   Code   RO         4029    .ARM.Collect$$rtentry$$0000000A  c_w.l(__rtentry2.o)
    0x0800017c   0x0800017c   0x00000000   Code   RO         4031    .ARM.Collect$$rtentry$$0000000C  c_w.l(__rtentry2.o)
    0x0800017c   0x0800017c   0x00000008   Code   RO         4032    .ARM.Collect$$rtentry$$0000000D  c_w.l(__rtentry2.o)
    0x08000184   0x08000184   0x00000002   Code   RO         4055    .ARM.Collect$$rtexit$$00000000  c_w.l(rtexit.o)
    0x08000186   0x08000186   0x00000000   Code   RO         4103    .ARM.Collect$$rtexit$$00000002  c_w.l(rtexit2.o)
    0x08000186   0x08000186   0x00000004   Code   RO         4104    .ARM.Collect$$rtexit$$00000003  c_w.l(rtexit2.o)
    0x0800018a   0x0800018a   0x00000006   Code   RO         4105    .ARM.Collect$$rtexit$$00000004  c_w.l(rtexit2.o)
    0x08000190   0x08000190   0x00000040   Code   RO            4    .text               startup_stm32f103xb.o
    0x080001d0   0x080001d0   0x00000028   Code   RO         3981    .text               c_w.l(noretval__2sprintf.o)
    0x080001f8   0x080001f8   0x0000004e   Code   RO         3985    .text               c_w.l(_printf_pad.o)
    0x08000246   0x08000246   0x00000002   PAD
    0x08000248   0x08000248   0x00000078   Code   RO         3987    .text               c_w.l(_printf_dec.o)
    0x080002c0   0x080002c0   0x00000138   Code   RO         4001    .text               c_w.l(__printf_flags_wp.o)
    0x080003f8   0x080003f8   0x0000004e   Code   RO         4011    .text               c_w.l(rt_memclr_w.o)
    0x08000446   0x08000446   0x00000006   Code   RO         4013    .text               c_w.l(heapauxi.o)
    0x0800044c   0x0800044c   0x000000b2   Code   RO         4018    .text               c_w.l(_printf_intcommon.o)
    0x080004fe   0x080004fe   0x00000002   PAD
    0x08000500   0x08000500   0x00000030   Code   RO         4020    .text               c_w.l(_printf_char_common.o)
    0x08000530   0x08000530   0x0000000a   Code   RO         4022    .text               c_w.l(_sputc.o)
    0x0800053a   0x0800053a   0x0000004a   Code   RO         4042    .text               c_w.l(sys_stackheap_outer.o)
    0x08000584   0x08000584   0x00000012   Code   RO         4044    .text               c_w.l(exit.o)
    0x08000596   0x08000596   0x00000002   PAD
    0x08000598   0x08000598   0x00000008   Code   RO         4052    .text               c_w.l(libspace.o)
    0x080005a0   0x080005a0   0x0000000c   Code   RO         4113    .text               c_w.l(sys_exit.o)
    0x080005ac   0x080005ac   0x00000002   Code   RO         4124    .text               c_w.l(use_no_semi.o)
    0x080005ae   0x080005ae   0x00000000   Code   RO         4126    .text               c_w.l(indicate_semi.o)
    0x080005ae   0x080005ae   0x00000002   Code   RO          627    i.BusFault_Handler  stm32f1xx_it.o
    0x080005b0   0x080005b0   0x00000024   Code   RO          411    i.Config_GPIO_Input  hdq.o
    0x080005d4   0x080005d4   0x00000024   Code   RO          412    i.Config_GPIO_Output  hdq.o
    0x080005f8   0x080005f8   0x00000044   Code   RO          480    i.DWT_Delay_Init    dwt_stm32_delay.o
    0x0800063c   0x0800063c   0x0000002c   Code   RO          413    i.DWT_Delay_us      hdq.o
    0x08000668   0x08000668   0x00000002   Code   RO          628    i.DebugMon_Handler  stm32f1xx_it.o
    0x0800066a   0x0800066a   0x00000006   Code   RO         3866    i.FATFS_LinkDriver  ff_gen_drv.o
    0x08000670   0x08000670   0x00000040   Code   RO         3867    i.FATFS_LinkDriverEx  ff_gen_drv.o
    0x080006b0   0x080006b0   0x00000024   Code   RO          805    i.HAL_Delay         stm32f1xx_hal.o
    0x080006d4   0x080006d4   0x000000fc   Code   RO         1110    i.HAL_GPIO_DeInit   stm32f1xx_hal_gpio.o
    0x080007d0   0x080007d0   0x000001e0   Code   RO         1113    i.HAL_GPIO_Init     stm32f1xx_hal_gpio.o
    0x080009b0   0x080009b0   0x0000000a   Code   RO         1115    i.HAL_GPIO_ReadPin  stm32f1xx_hal_gpio.o
    0x080009ba   0x080009ba   0x0000000a   Code   RO         1117    i.HAL_GPIO_WritePin  stm32f1xx_hal_gpio.o
    0x080009c4   0x080009c4   0x0000000c   Code   RO          809    i.HAL_GetTick       stm32f1xx_hal.o
    0x080009d0   0x080009d0   0x00000010   Code   RO          815    i.HAL_IncTick       stm32f1xx_hal.o
    0x080009e0   0x080009e0   0x00000024   Code   RO          816    i.HAL_Init          stm32f1xx_hal.o
    0x08000a04   0x08000a04   0x00000040   Code   RO          817    i.HAL_InitTick      stm32f1xx_hal.o
    0x08000a44   0x08000a44   0x0000003c   Code   RO          702    i.HAL_MspInit       stm32f1xx_hal_msp.o
    0x08000a80   0x08000a80   0x00000040   Code   RO         1279    i.HAL_NVIC_SetPriority  stm32f1xx_hal_cortex.o
    0x08000ac0   0x08000ac0   0x00000024   Code   RO         1280    i.HAL_NVIC_SetPriorityGrouping  stm32f1xx_hal_cortex.o
    0x08000ae4   0x08000ae4   0x0000000c   Code   RO         1395    i.HAL_PWR_EnableBkUpAccess  stm32f1xx_hal_pwr.o
    0x08000af0   0x08000af0   0x000000c8   Code   RO         1075    i.HAL_RCCEx_GetPeriphCLKFreq  stm32f1xx_hal_rcc_ex.o
    0x08000bb8   0x08000bb8   0x000000ec   Code   RO         1076    i.HAL_RCCEx_PeriphCLKConfig  stm32f1xx_hal_rcc_ex.o
    0x08000ca4   0x08000ca4   0x0000012c   Code   RO          973    i.HAL_RCC_ClockConfig  stm32f1xx_hal_rcc.o
    0x08000dd0   0x08000dd0   0x0000000c   Code   RO          978    i.HAL_RCC_GetHCLKFreq  stm32f1xx_hal_rcc.o
    0x08000ddc   0x08000ddc   0x00000020   Code   RO          981    i.HAL_RCC_GetPCLK2Freq  stm32f1xx_hal_rcc.o
    0x08000dfc   0x08000dfc   0x0000006c   Code   RO          982    i.HAL_RCC_GetSysClockFreq  stm32f1xx_hal_rcc.o
    0x08000e68   0x08000e68   0x00000320   Code   RO          985    i.HAL_RCC_OscConfig  stm32f1xx_hal_rcc.o
    0x08001188   0x08001188   0x0000004e   Code   RO         1778    i.HAL_RTC_GetDate   stm32f1xx_hal_rtc.o
    0x080011d6   0x080011d6   0x000000d8   Code   RO         1780    i.HAL_RTC_GetTime   stm32f1xx_hal_rtc.o
    0x080012ae   0x080012ae   0x00000002   PAD
    0x080012b0   0x080012b0   0x000000a0   Code   RO         1781    i.HAL_RTC_Init      stm32f1xx_hal_rtc.o
    0x08001350   0x08001350   0x00000034   Code   RO          704    i.HAL_RTC_MspInit   stm32f1xx_hal_msp.o
    0x08001384   0x08001384   0x000000c4   Code   RO         1787    i.HAL_RTC_SetDate   stm32f1xx_hal_rtc.o
    0x08001448   0x08001448   0x000000ac   Code   RO         1788    i.HAL_RTC_SetTime   stm32f1xx_hal_rtc.o
    0x080014f4   0x080014f4   0x0000003a   Code   RO         1789    i.HAL_RTC_WaitForSynchro  stm32f1xx_hal_rtc.o
    0x0800152e   0x0800152e   0x000000b2   Code   RO         2056    i.HAL_SPI_Init      stm32f1xx_hal_spi.o
    0x080015e0   0x080015e0   0x000000b0   Code   RO          706    i.HAL_SPI_MspInit   stm32f1xx_hal_msp.o
    0x08001690   0x08001690   0x00000166   Code   RO         2064    i.HAL_SPI_Transmit  stm32f1xx_hal_spi.o
    0x080017f6   0x080017f6   0x00000028   Code   RO         1284    i.HAL_SYSTICK_Config  stm32f1xx_hal_cortex.o
    0x0800181e   0x0800181e   0x00000002   PAD
    0x08001820   0x08001820   0x00000068   Code   RO         3092    i.HAL_TIMEx_MasterConfigSynchronization  stm32f1xx_hal_tim_ex.o
    0x08001888   0x08001888   0x0000005a   Code   RO         2369    i.HAL_TIM_Base_Init  stm32f1xx_hal_tim.o
    0x080018e2   0x080018e2   0x00000002   PAD
    0x080018e4   0x080018e4   0x00000028   Code   RO          708    i.HAL_TIM_Base_MspInit  stm32f1xx_hal_msp.o
    0x0800190c   0x0800190c   0x000000d6   Code   RO         2378    i.HAL_TIM_ConfigClockSource  stm32f1xx_hal_tim.o
    0x080019e2   0x080019e2   0x00000002   PAD
    0x080019e4   0x080019e4   0x00000034   Code   RO          414    i.HDQ_doBreak       hdq.o
    0x08001a18   0x08001a18   0x00000070   Code   RO          415    i.HDQ_read          hdq.o
    0x08001a88   0x08001a88   0x0000006c   Code   RO          417    i.HDQ_writeByte     hdq.o
    0x08001af4   0x08001af4   0x00000002   Code   RO          629    i.HardFault_Handler  stm32f1xx_it.o
    0x08001af6   0x08001af6   0x00000002   PAD
    0x08001af8   0x08001af8   0x0000001c   Code   RO         3436    i.MX_FATFS_Init     fatfs.o
    0x08001b14   0x08001b14   0x000000d4   Code   RO          508    i.MX_GPIO_Init      main.o
    0x08001be8   0x08001be8   0x00000074   Code   RO          509    i.MX_RTC_Init       main.o
    0x08001c5c   0x08001c5c   0x00000044   Code   RO          510    i.MX_SPI1_Init      main.o
    0x08001ca0   0x08001ca0   0x00000044   Code   RO          511    i.MX_SPI2_Init      main.o
    0x08001ce4   0x08001ce4   0x00000068   Code   RO          512    i.MX_TIM1_Init      main.o
    0x08001d4c   0x08001d4c   0x00000002   Code   RO          630    i.MemManage_Handler  stm32f1xx_it.o
    0x08001d4e   0x08001d4e   0x00000002   Code   RO          631    i.NMI_Handler       stm32f1xx_it.o
    0x08001d50   0x08001d50   0x00000002   Code   RO          632    i.PendSV_Handler    stm32f1xx_it.o
    0x08001d52   0x08001d52   0x00000002   PAD
    0x08001d54   0x08001d54   0x00000070   Code   RO          513    i.RTCOku            main.o
    0x08001dc4   0x08001dc4   0x00000012   Code   RO         1790    i.RTC_Bcd2ToByte    stm32f1xx_hal_rtc.o
    0x08001dd6   0x08001dd6   0x00000016   Code   RO         1791    i.RTC_ByteToBcd2    stm32f1xx_hal_rtc.o
    0x08001dec   0x08001dec   0x000000ae   Code   RO         1792    i.RTC_DateUpdate    stm32f1xx_hal_rtc.o
    0x08001e9a   0x08001e9a   0x00000034   Code   RO         1793    i.RTC_EnterInitMode  stm32f1xx_hal_rtc.o
    0x08001ece   0x08001ece   0x00000002   PAD
    0x08001ed0   0x08001ed0   0x00000036   Code   RO         1794    i.RTC_ExitInitMode  stm32f1xx_hal_rtc.o
    0x08001f06   0x08001f06   0x0000000e   Code   RO         1795    i.RTC_ReadAlarmCounter  stm32f1xx_hal_rtc.o
    0x08001f14   0x08001f14   0x00000020   Code   RO         1796    i.RTC_ReadTimeCounter  stm32f1xx_hal_rtc.o
    0x08001f34   0x08001f34   0x00000056   Code   RO         1797    i.RTC_WeekDayNum    stm32f1xx_hal_rtc.o
    0x08001f8a   0x08001f8a   0x00000028   Code   RO         1798    i.RTC_WriteAlarmCounter  stm32f1xx_hal_rtc.o
    0x08001fb2   0x08001fb2   0x00000028   Code   RO         1799    i.RTC_WriteTimeCounter  stm32f1xx_hal_rtc.o
    0x08001fda   0x08001fda   0x00000020   Code   RO         2094    i.SPI_EndRxTxTransaction  stm32f1xx_hal_spi.o
    0x08001ffa   0x08001ffa   0x00000002   PAD
    0x08001ffc   0x08001ffc   0x000000b8   Code   RO         2099    i.SPI_WaitFlagStateUntilTimeout  stm32f1xx_hal_spi.o
    0x080020b4   0x080020b4   0x00000078   Code   RO          207    i.ST7735_DrawImage  st7735.o
    0x0800212c   0x0800212c   0x000000a0   Code   RO          208    i.ST7735_DrawLine   st7735.o
    0x080021cc   0x080021cc   0x00000068   Code   RO          209    i.ST7735_DrawPixel  st7735.o
    0x08002234   0x08002234   0x00000084   Code   RO          212    i.ST7735_DrawString  st7735.o
    0x080022b8   0x080022b8   0x00000046   Code   RO          214    i.ST7735_ExecuteCommandList  st7735.o
    0x080022fe   0x080022fe   0x00000002   PAD
    0x08002300   0x08002300   0x000000b8   Code   RO          218    i.ST7735_FillRectangle  st7735.o
    0x080023b8   0x080023b8   0x0000001c   Code   RO          220    i.ST7735_FillScreen  st7735.o
    0x080023d4   0x080023d4   0x00000058   Code   RO          225    i.ST7735_Init       st7735.o
    0x0800242c   0x0800242c   0x00000058   Code   RO          227    i.ST7735_SetAddressWindow  st7735.o
    0x08002484   0x08002484   0x00000090   Code   RO          229    i.ST7735_WriteChar  st7735.o
    0x08002514   0x08002514   0x00000028   Code   RO          230    i.ST7735_WriteCommand  st7735.o
    0x0800253c   0x0800253c   0x0000002c   Code   RO          231    i.ST7735_WriteData  st7735.o
    0x08002568   0x08002568   0x00000002   Code   RO          633    i.SVC_Handler       stm32f1xx_it.o
    0x0800256a   0x0800256a   0x00000004   Code   RO          634    i.SysTick_Handler   stm32f1xx_it.o
    0x0800256e   0x0800256e   0x00000080   Code   RO          514    i.SystemClock_Config  main.o
    0x080025ee   0x080025ee   0x00000002   Code   RO         3341    i.SystemInit        system_stm32f1xx.o
    0x080025f0   0x080025f0   0x0000006c   Code   RO         2462    i.TIM_Base_SetConfig  stm32f1xx_hal_tim.o
    0x0800265c   0x0800265c   0x00000014   Code   RO         2473    i.TIM_ETR_SetConfig  stm32f1xx_hal_tim.o
    0x08002670   0x08002670   0x00000010   Code   RO         2474    i.TIM_ITRx_SetConfig  stm32f1xx_hal_tim.o
    0x08002680   0x08002680   0x00000022   Code   RO         2480    i.TIM_TI1_ConfigInputStage  stm32f1xx_hal_tim.o
    0x080026a2   0x080026a2   0x00000024   Code   RO         2482    i.TIM_TI2_ConfigInputStage  stm32f1xx_hal_tim.o
    0x080026c6   0x080026c6   0x00000002   PAD
    0x080026c8   0x080026c8   0x00000010   Code   RO         3378    i.USER_initialize   user_diskio.o
    0x080026d8   0x080026d8   0x00000004   Code   RO         3379    i.USER_ioctl        user_diskio.o
    0x080026dc   0x080026dc   0x00000004   Code   RO         3380    i.USER_read         user_diskio.o
    0x080026e0   0x080026e0   0x00000010   Code   RO         3381    i.USER_status       user_diskio.o
    0x080026f0   0x080026f0   0x00000004   Code   RO         3382    i.USER_write        user_diskio.o
    0x080026f4   0x080026f4   0x00000002   Code   RO          635    i.UsageFault_Handler  stm32f1xx_it.o
    0x080026f6   0x080026f6   0x00000020   Code   RO         1286    i.__NVIC_SetPriority  stm32f1xx_hal_cortex.o
    0x08002716   0x08002716   0x0000000e   Code   RO         3999    i._is_digit         c_w.l(__printf_wp.o)
    0x08002724   0x08002724   0x000000b8   Code   RO           13    i.baslangicekrani   fonksiyonlar.o
    0x080027dc   0x080027dc   0x000000f4   Code   RO           14    i.butonbul          fonksiyonlar.o
    0x080028d0   0x080028d0   0x000002ac   Code   RO           15    i.cubuk             fonksiyonlar.o
    0x08002b7c   0x08002b7c   0x0000029c   Code   RO           16    i.cubukdik          fonksiyonlar.o
    0x08002e18   0x08002e18   0x000002e8   Code   RO           17    i.kare              fonksiyonlar.o
    0x08003100   0x08003100   0x000000d4   Code   RO           18    i.ledDemo           fonksiyonlar.o
    0x080031d4   0x080031d4   0x000001d0   Code   RO          515    i.main              main.o
    0x080033a4   0x080033a4   0x0000076c   Data   RO          180    .constdata          fonts.o
    0x08003b10   0x08003b10   0x00000d5c   Data   RO          181    .constdata          fonts.o
    0x0800486c   0x0800486c   0x00000073   Data   RO          232    .constdata          st7735.o
    0x080048df   0x080048df   0x00000001   PAD
    0x080048e0   0x080048e0   0x00001398   Data   RO          520    .constdata          main.o
    0x08005c78   0x08005c78   0x00000010   Data   RO         3342    .constdata          system_stm32f1xx.o
    0x08005c88   0x08005c88   0x00000008   Data   RO         3343    .constdata          system_stm32f1xx.o
    0x08005c90   0x08005c90   0x00000011   Data   RO         4002    .constdata          c_w.l(__printf_flags_wp.o)
    0x08005ca1   0x08005ca1   0x00000003   PAD
    0x08005ca4   0x08005ca4   0x00000020   Data   RO         4181    Region$$Table       anon$$obj.o


    Execution Region RW_IRAM1 (Exec base: 0x20000000, Load base: 0x08005cc4, Size: 0x000008f8, Max: 0x00005000, ABSOLUTE)

    Exec Addr    Load Addr    Size         Type   Attr      Idx    E Section Name        Object

    0x20000000   0x08005cc4   0x00000002   Data   RW           20    .data               fonksiyonlar.o
    0x20000002   0x08005cc6   0x00000002   PAD
    0x20000004   0x08005cc8   0x00000008   Data   RW          183    .data               fonts.o
    0x2000000c   0x08005cd0   0x00000008   Data   RW          184    .data               fonts.o
    0x20000014   0x08005cd8   0x0000000c   Data   RW          233    .data               st7735.o
    0x20000020   0x08005ce4   0x00000020   Data   RW          521    .data               main.o
    0x20000040   0x08005d04   0x0000000c   Data   RW          823    .data               stm32f1xx_hal.o
    0x2000004c   0x08005d10   0x00000004   Data   RW         3344    .data               system_stm32f1xx.o
    0x20000050   0x08005d14   0x00000001   Data   RW         3383    .data               user_diskio.o
    0x20000051   0x08005d15   0x00000003   PAD
    0x20000054   0x08005d18   0x00000014   Data   RW         3384    .data               user_diskio.o
    0x20000068   0x08005d2c   0x00000005   Data   RW         3440    .data               fatfs.o
    0x2000006d   0x08005d31   0x00000003   PAD
    0x20000070        -       0x00000018   Zero   RW           19    .bss                fonksiyonlar.o
    0x20000088        -       0x000001fd   Zero   RW          516    .bss                main.o
    0x20000285   0x08005d31   0x00000003   PAD
    0x20000288        -       0x0000000c   Zero   RW         3870    .bss                ff_gen_drv.o
    0x20000294        -       0x00000060   Zero   RW         4053    .bss                c_w.l(libspace.o)
    0x200002f4   0x08005d31   0x00000004   PAD
    0x200002f8        -       0x00000200   Zero   RW            2    HEAP                startup_stm32f103xb.o
    0x200004f8        -       0x00000400   Zero   RW            1    STACK               startup_stm32f103xb.o


==============================================================================

Image component sizes


      Code (inc. data)   RO Data    RW Data    ZI Data      Debug   Object Name

        68         10          0          0          0        537   dwt_stm32_delay.o
        28         10          0          5          0       1038   fatfs.o
        70          4          0          0         12       1555   ff_gen_drv.o
      2736         88          0          2         24     436941   fonksiyonlar.o
         0          0       5320         16          0       1030   fonts.o
       388         38          0          0          0       3986   hdq.o
      1272        146       5016         32        509      11456   main.o
      1202         76        115         12          0      10005   st7735.o
        64         26        236          0       1536        804   startup_stm32f103xb.o
       164         28          0         12          0       5837   stm32f1xx_hal.o
       172         14          0          0          0      28238   stm32f1xx_hal_cortex.o
       752         58          0          0          0       4441   stm32f1xx_hal_gpio.o
       328         52          0          0          0       2773   stm32f1xx_hal_msp.o
        12          4          0          0          0        507   stm32f1xx_hal_pwr.o
      1252         94          0          0          0       5025   stm32f1xx_hal_rcc.o
       436         46          0          0          0       2505   stm32f1xx_hal_rcc_ex.o
      1412         14          0          0          0      12568   stm32f1xx_hal_rtc.o
       752          4          0          0          0       4354   stm32f1xx_hal_spi.o
       518         14          0          0          0       5903   stm32f1xx_hal_tim.o
       104         12          0          0          0       1308   stm32f1xx_hal_tim_ex.o
        20          0          0          0          0       3794   stm32f1xx_it.o
         2          0         24          4          0       1095   system_stm32f1xx.o
        44         12          0         21          0       3056   user_diskio.o

    ----------------------------------------------------------------------
     11816        750      10744        112       2084     548756   Object Totals
         0          0         32          0          0          0   (incl. Generated)
        20          0          1          8          3          0   (incl. Padding)

    ----------------------------------------------------------------------

      Code (inc. data)   RO Data    RW Data    ZI Data      Debug   Library Member Name

         8          0          0          0          0         68   __main.o
       312          4         17          0          0         92   __printf_flags_wp.o
        14          0          0          0          0         68   __printf_wp.o
         0          0          0          0          0          0   __rtentry.o
        12          0          0          0          0          0   __rtentry2.o
         6          0          0          0          0          0   __rtentry4.o
        52          8          0          0          0          0   __scatter.o
        26          0          0          0          0          0   __scatter_copy.o
        28          0          0          0          0          0   __scatter_zi.o
        48          6          0          0          0         96   _printf_char_common.o
         6          0          0          0          0          0   _printf_d.o
       120         16          0          0          0         92   _printf_dec.o
       178          0          0          0          0         88   _printf_intcommon.o
        78          0          0          0          0        108   _printf_pad.o
         0          0          0          0          0          0   _printf_percent.o
         4          0          0          0          0          0   _printf_percent_end.o
        10          0          0          0          0         68   _sputc.o
        18          0          0          0          0         80   exit.o
         6          0          0          0          0        152   heapauxi.o
         0          0          0          0          0          0   indicate_semi.o
         2          0          0          0          0          0   libinit.o
         2          0          0          0          0          0   libinit2.o
         2          0          0          0          0          0   libshutdown.o
         2          0          0          0          0          0   libshutdown2.o
         8          4          0          0         96         68   libspace.o
        40          6          0          0          0         84   noretval__2sprintf.o
        78          0          0          0          0         80   rt_memclr_w.o
         2          0          0          0          0          0   rtexit.o
        10          0          0          0          0          0   rtexit2.o
        12          4          0          0          0         68   sys_exit.o
        74          0          0          0          0         80   sys_stackheap_outer.o
         2          0          0          0          0         68   use_no_semi.o

    ----------------------------------------------------------------------
      1168         48         20          0        100       1360   Library Totals
         8          0          3          0          4          0   (incl. Padding)

    ----------------------------------------------------------------------

      Code (inc. data)   RO Data    RW Data    ZI Data      Debug   Library Name

      1160         48         17          0         96       1360   c_w.l

    ----------------------------------------------------------------------
      1168         48         20          0        100       1360   Library Totals

    ----------------------------------------------------------------------

==============================================================================


      Code (inc. data)   RO Data    RW Data    ZI Data      Debug   

     12984        798      10764        112       2184     544392   Grand Totals
     12984        798      10764        112       2184     544392   ELF Image Totals
     12984        798      10764        112          0          0   ROM Totals

==============================================================================

    Total RO  Size (Code + RO Data)                23748 (  23.19kB)
    Total RW  Size (RW Data + ZI Data)              2296 (   2.24kB)
    Total ROM Size (Code + RO Data + RW Data)      23860 (  23.30kB)

==============================================================================

